[0.112s] DEBUG:colcon:Command line arguments: ['/usr/bin/colcon', 'build', '--symlink-install']
[0.112s] DEBUG:colcon:Parsed command line arguments: Namespace(log_base=None, log_level=None, verb_name='build', build_base='build', install_base='install', merge_install=False, symlink_install=True, test_result_base=None, continue_on_error=False, executor='parallel', parallel_workers=8, event_handlers=None, ignore_user_meta=False, metas=['./colcon.meta'], base_paths=['.'], packages_ignore=None, packages_ignore_regex=None, paths=None, packages_up_to=None, packages_up_to_regex=None, packages_above=None, packages_above_and_dependencies=None, packages_above_depth=None, packages_select_by_dep=None, packages_skip_by_dep=None, packages_skip_up_to=None, packages_select_build_failed=False, packages_skip_build_finished=False, packages_select_test_failures=False, packages_skip_test_passed=False, packages_select=None, packages_skip=None, packages_select_regex=None, packages_skip_regex=None, packages_start=None, packages_end=None, allow_overriding=[], cmake_args=None, cmake_target=None, cmake_target_skip_unavailable=False, cmake_clean_cache=False, cmake_clean_first=False, cmake_force_configure=False, ament_cmake_args=None, catkin_cmake_args=None, catkin_skip_building_tests=False, mixin_files=None, mixin=None, verb_parser=<colcon_mixin.mixin.mixin_argument.MixinArgumentDecorator object at 0x7e3f1b1801d0>, verb_extension=<colcon_core.verb.build.BuildVerb object at 0x7e3f1b14c320>, main=<bound method BuildVerb.main of <colcon_core.verb.build.BuildVerb object at 0x7e3f1b14c320>>, mixin_verb=('build',))
[0.149s] Level 1:colcon.colcon_core.package_discovery:discover_packages(colcon_meta) check parameters
[0.149s] Level 1:colcon.colcon_core.package_discovery:discover_packages(recursive) check parameters
[0.149s] Level 1:colcon.colcon_core.package_discovery:discover_packages(ignore) check parameters
[0.149s] Level 1:colcon.colcon_core.package_discovery:discover_packages(path) check parameters
[0.150s] Level 1:colcon.colcon_core.package_discovery:discover_packages(colcon_meta) discover
[0.150s] Level 1:colcon.colcon_core.package_discovery:discover_packages(recursive) discover
[0.150s] INFO:colcon.colcon_core.package_discovery:Crawling recursively for packages in '/home/dev_computer/Desktop/robot_arm_ws'
[0.150s] Level 1:colcon.colcon_core.package_identification:_identify(.) by extensions ['ignore', 'ignore_ament_install']
[0.150s] Level 1:colcon.colcon_core.package_identification:_identify(.) by extension 'ignore'
[0.150s] Level 1:colcon.colcon_core.package_identification:_identify(.) by extension 'ignore_ament_install'
[0.150s] Level 1:colcon.colcon_core.package_identification:_identify(.) by extensions ['colcon_pkg']
[0.150s] Level 1:colcon.colcon_core.package_identification:_identify(.) by extension 'colcon_pkg'
[0.150s] Level 1:colcon.colcon_core.package_identification:_identify(.) by extensions ['colcon_meta']
[0.150s] Level 1:colcon.colcon_core.package_identification:_identify(.) by extension 'colcon_meta'
[0.150s] Level 1:colcon.colcon_core.package_identification:_identify(.) by extensions ['ros']
[0.150s] Level 1:colcon.colcon_core.package_identification:_identify(.) by extension 'ros'
[0.181s] Level 1:colcon.colcon_core.package_identification:_identify(.) by extensions ['cmake', 'python']
[0.181s] Level 1:colcon.colcon_core.package_identification:_identify(.) by extension 'cmake'
[0.181s] Level 1:colcon.colcon_core.package_identification:_identify(.) by extension 'python'
[0.182s] Level 1:colcon.colcon_core.package_identification:_identify(.) by extensions ['python_setup_py']
[0.182s] Level 1:colcon.colcon_core.package_identification:_identify(.) by extension 'python_setup_py'
[0.182s] Level 1:colcon.colcon_core.package_identification:_identify(build) by extensions ['ignore', 'ignore_ament_install']
[0.182s] Level 1:colcon.colcon_core.package_identification:_identify(build) by extension 'ignore'
[0.182s] Level 1:colcon.colcon_core.package_identification:_identify(build) ignored
[0.182s] Level 1:colcon.colcon_core.package_identification:_identify(install) by extensions ['ignore', 'ignore_ament_install']
[0.182s] Level 1:colcon.colcon_core.package_identification:_identify(install) by extension 'ignore'
[0.182s] Level 1:colcon.colcon_core.package_identification:_identify(install) ignored
[0.183s] Level 1:colcon.colcon_core.package_identification:_identify(log) by extensions ['ignore', 'ignore_ament_install']
[0.183s] Level 1:colcon.colcon_core.package_identification:_identify(log) by extension 'ignore'
[0.183s] Level 1:colcon.colcon_core.package_identification:_identify(log) ignored
[0.183s] Level 1:colcon.colcon_core.package_identification:_identify(src) by extensions ['ignore', 'ignore_ament_install']
[0.183s] Level 1:colcon.colcon_core.package_identification:_identify(src) by extension 'ignore'
[0.183s] Level 1:colcon.colcon_core.package_identification:_identify(src) by extension 'ignore_ament_install'
[0.183s] Level 1:colcon.colcon_core.package_identification:_identify(src) by extensions ['colcon_pkg']
[0.183s] Level 1:colcon.colcon_core.package_identification:_identify(src) by extension 'colcon_pkg'
[0.183s] Level 1:colcon.colcon_core.package_identification:_identify(src) by extensions ['colcon_meta']
[0.183s] Level 1:colcon.colcon_core.package_identification:_identify(src) by extension 'colcon_meta'
[0.183s] Level 1:colcon.colcon_core.package_identification:_identify(src) by extensions ['ros']
[0.183s] Level 1:colcon.colcon_core.package_identification:_identify(src) by extension 'ros'
[0.183s] Level 1:colcon.colcon_core.package_identification:_identify(src) by extensions ['cmake', 'python']
[0.183s] Level 1:colcon.colcon_core.package_identification:_identify(src) by extension 'cmake'
[0.183s] Level 1:colcon.colcon_core.package_identification:_identify(src) by extension 'python'
[0.183s] Level 1:colcon.colcon_core.package_identification:_identify(src) by extensions ['python_setup_py']
[0.183s] Level 1:colcon.colcon_core.package_identification:_identify(src) by extension 'python_setup_py'
[0.184s] Level 1:colcon.colcon_core.package_identification:_identify(src/controller_joint_test) by extensions ['ignore', 'ignore_ament_install']
[0.184s] Level 1:colcon.colcon_core.package_identification:_identify(src/controller_joint_test) by extension 'ignore'
[0.184s] Level 1:colcon.colcon_core.package_identification:_identify(src/controller_joint_test) by extension 'ignore_ament_install'
[0.184s] Level 1:colcon.colcon_core.package_identification:_identify(src/controller_joint_test) by extensions ['colcon_pkg']
[0.184s] Level 1:colcon.colcon_core.package_identification:_identify(src/controller_joint_test) by extension 'colcon_pkg'
[0.184s] Level 1:colcon.colcon_core.package_identification:_identify(src/controller_joint_test) by extensions ['colcon_meta']
[0.184s] Level 1:colcon.colcon_core.package_identification:_identify(src/controller_joint_test) by extension 'colcon_meta'
[0.184s] Level 1:colcon.colcon_core.package_identification:_identify(src/controller_joint_test) by extensions ['ros']
[0.184s] Level 1:colcon.colcon_core.package_identification:_identify(src/controller_joint_test) by extension 'ros'
[0.187s] DEBUG:colcon.colcon_core.package_identification:Package 'src/controller_joint_test' with type 'ros.ament_python' and name 'controller_joint_test'
[0.187s] Level 1:colcon.colcon_core.package_identification:_identify(src/detector) by extensions ['ignore', 'ignore_ament_install']
[0.188s] Level 1:colcon.colcon_core.package_identification:_identify(src/detector) by extension 'ignore'
[0.188s] Level 1:colcon.colcon_core.package_identification:_identify(src/detector) by extension 'ignore_ament_install'
[0.188s] Level 1:colcon.colcon_core.package_identification:_identify(src/detector) by extensions ['colcon_pkg']
[0.188s] Level 1:colcon.colcon_core.package_identification:_identify(src/detector) by extension 'colcon_pkg'
[0.188s] Level 1:colcon.colcon_core.package_identification:_identify(src/detector) by extensions ['colcon_meta']
[0.188s] Level 1:colcon.colcon_core.package_identification:_identify(src/detector) by extension 'colcon_meta'
[0.188s] Level 1:colcon.colcon_core.package_identification:_identify(src/detector) by extensions ['ros']
[0.188s] Level 1:colcon.colcon_core.package_identification:_identify(src/detector) by extension 'ros'
[0.190s] DEBUG:colcon.colcon_core.package_identification:Package 'src/detector' with type 'ros.ament_python' and name 'detector'
[0.190s] Level 1:colcon.colcon_core.package_identification:_identify(src/detector_subscriber) by extensions ['ignore', 'ignore_ament_install']
[0.190s] Level 1:colcon.colcon_core.package_identification:_identify(src/detector_subscriber) by extension 'ignore'
[0.190s] Level 1:colcon.colcon_core.package_identification:_identify(src/detector_subscriber) by extension 'ignore_ament_install'
[0.190s] Level 1:colcon.colcon_core.package_identification:_identify(src/detector_subscriber) by extensions ['colcon_pkg']
[0.190s] Level 1:colcon.colcon_core.package_identification:_identify(src/detector_subscriber) by extension 'colcon_pkg'
[0.190s] Level 1:colcon.colcon_core.package_identification:_identify(src/detector_subscriber) by extensions ['colcon_meta']
[0.190s] Level 1:colcon.colcon_core.package_identification:_identify(src/detector_subscriber) by extension 'colcon_meta'
[0.190s] Level 1:colcon.colcon_core.package_identification:_identify(src/detector_subscriber) by extensions ['ros']
[0.190s] Level 1:colcon.colcon_core.package_identification:_identify(src/detector_subscriber) by extension 'ros'
[0.191s] DEBUG:colcon.colcon_core.package_identification:Package 'src/detector_subscriber' with type 'ros.ament_python' and name 'detector_subscriber'
[0.191s] Level 1:colcon.colcon_core.package_identification:_identify(src/robot_arm_description) by extensions ['ignore', 'ignore_ament_install']
[0.192s] Level 1:colcon.colcon_core.package_identification:_identify(src/robot_arm_description) by extension 'ignore'
[0.192s] Level 1:colcon.colcon_core.package_identification:_identify(src/robot_arm_description) by extension 'ignore_ament_install'
[0.192s] Level 1:colcon.colcon_core.package_identification:_identify(src/robot_arm_description) by extensions ['colcon_pkg']
[0.192s] Level 1:colcon.colcon_core.package_identification:_identify(src/robot_arm_description) by extension 'colcon_pkg'
[0.192s] Level 1:colcon.colcon_core.package_identification:_identify(src/robot_arm_description) by extensions ['colcon_meta']
[0.192s] Level 1:colcon.colcon_core.package_identification:_identify(src/robot_arm_description) by extension 'colcon_meta'
[0.192s] Level 1:colcon.colcon_core.package_identification:_identify(src/robot_arm_description) by extensions ['ros']
[0.192s] Level 1:colcon.colcon_core.package_identification:_identify(src/robot_arm_description) by extension 'ros'
[0.193s] DEBUG:colcon.colcon_core.package_identification:Package 'src/robot_arm_description' with type 'ros.ament_cmake' and name 'robot_arm_description'
[0.193s] Level 1:colcon.colcon_core.package_identification:_identify(src/spatial_detector) by extensions ['ignore', 'ignore_ament_install']
[0.193s] Level 1:colcon.colcon_core.package_identification:_identify(src/spatial_detector) by extension 'ignore'
[0.193s] Level 1:colcon.colcon_core.package_identification:_identify(src/spatial_detector) by extension 'ignore_ament_install'
[0.193s] Level 1:colcon.colcon_core.package_identification:_identify(src/spatial_detector) by extensions ['colcon_pkg']
[0.193s] Level 1:colcon.colcon_core.package_identification:_identify(src/spatial_detector) by extension 'colcon_pkg'
[0.193s] Level 1:colcon.colcon_core.package_identification:_identify(src/spatial_detector) by extensions ['colcon_meta']
[0.193s] Level 1:colcon.colcon_core.package_identification:_identify(src/spatial_detector) by extension 'colcon_meta'
[0.193s] Level 1:colcon.colcon_core.package_identification:_identify(src/spatial_detector) by extensions ['ros']
[0.193s] Level 1:colcon.colcon_core.package_identification:_identify(src/spatial_detector) by extension 'ros'
[0.194s] DEBUG:colcon.colcon_core.package_identification:Package 'src/spatial_detector' with type 'ros.ament_python' and name 'spatial_detector'
[0.195s] Level 1:colcon.colcon_core.package_discovery:discover_packages(recursive) using defaults
[0.195s] Level 1:colcon.colcon_core.package_discovery:discover_packages(ignore) discover
[0.195s] Level 1:colcon.colcon_core.package_discovery:discover_packages(ignore) using defaults
[0.195s] Level 1:colcon.colcon_core.package_discovery:discover_packages(path) discover
[0.195s] Level 1:colcon.colcon_core.package_discovery:discover_packages(path) using defaults
[0.214s] Level 1:colcon.colcon_core.package_discovery:discover_packages(prefix_path) check parameters
[0.214s] Level 1:colcon.colcon_core.package_discovery:discover_packages(prefix_path) discover
[0.216s] DEBUG:colcon.colcon_installed_package_information.package_discovery:Found 5 installed packages in /home/dev_computer/Desktop/robot_arm_ws/install
[0.218s] DEBUG:colcon.colcon_installed_package_information.package_discovery:Found 470 installed packages in /opt/ros/jazzy
[0.220s] Level 1:colcon.colcon_core.package_discovery:discover_packages(prefix_path) using defaults
[0.287s] Level 5:colcon.colcon_core.verb:set package 'controller_joint_test' build argument 'cmake_args' from command line to 'None'
[0.287s] Level 5:colcon.colcon_core.verb:set package 'controller_joint_test' build argument 'cmake_target' from command line to 'None'
[0.287s] Level 5:colcon.colcon_core.verb:set package 'controller_joint_test' build argument 'cmake_target_skip_unavailable' from command line to 'False'
[0.287s] Level 5:colcon.colcon_core.verb:set package 'controller_joint_test' build argument 'cmake_clean_cache' from command line to 'False'
[0.287s] Level 5:colcon.colcon_core.verb:set package 'controller_joint_test' build argument 'cmake_clean_first' from command line to 'False'
[0.287s] Level 5:colcon.colcon_core.verb:set package 'controller_joint_test' build argument 'cmake_force_configure' from command line to 'False'
[0.287s] Level 5:colcon.colcon_core.verb:set package 'controller_joint_test' build argument 'ament_cmake_args' from command line to 'None'
[0.287s] Level 5:colcon.colcon_core.verb:set package 'controller_joint_test' build argument 'catkin_cmake_args' from command line to 'None'
[0.287s] Level 5:colcon.colcon_core.verb:set package 'controller_joint_test' build argument 'catkin_skip_building_tests' from command line to 'False'
[0.287s] DEBUG:colcon.colcon_core.verb:Building package 'controller_joint_test' with the following arguments: {'ament_cmake_args': None, 'build_base': '/home/dev_computer/Desktop/robot_arm_ws/build/controller_joint_test', 'catkin_cmake_args': None, 'catkin_skip_building_tests': False, 'cmake_args': None, 'cmake_clean_cache': False, 'cmake_clean_first': False, 'cmake_force_configure': False, 'cmake_target': None, 'cmake_target_skip_unavailable': False, 'install_base': '/home/dev_computer/Desktop/robot_arm_ws/install/controller_joint_test', 'merge_install': False, 'path': '/home/dev_computer/Desktop/robot_arm_ws/src/controller_joint_test', 'symlink_install': True, 'test_result_base': None}
[0.288s] Level 5:colcon.colcon_core.verb:set package 'detector' build argument 'cmake_args' from command line to 'None'
[0.288s] Level 5:colcon.colcon_core.verb:set package 'detector' build argument 'cmake_target' from command line to 'None'
[0.288s] Level 5:colcon.colcon_core.verb:set package 'detector' build argument 'cmake_target_skip_unavailable' from command line to 'False'
[0.288s] Level 5:colcon.colcon_core.verb:set package 'detector' build argument 'cmake_clean_cache' from command line to 'False'
[0.288s] Level 5:colcon.colcon_core.verb:set package 'detector' build argument 'cmake_clean_first' from command line to 'False'
[0.288s] Level 5:colcon.colcon_core.verb:set package 'detector' build argument 'cmake_force_configure' from command line to 'False'
[0.288s] Level 5:colcon.colcon_core.verb:set package 'detector' build argument 'ament_cmake_args' from command line to 'None'
[0.288s] Level 5:colcon.colcon_core.verb:set package 'detector' build argument 'catkin_cmake_args' from command line to 'None'
[0.288s] Level 5:colcon.colcon_core.verb:set package 'detector' build argument 'catkin_skip_building_tests' from command line to 'False'
[0.288s] DEBUG:colcon.colcon_core.verb:Building package 'detector' with the following arguments: {'ament_cmake_args': None, 'build_base': '/home/dev_computer/Desktop/robot_arm_ws/build/detector', 'catkin_cmake_args': None, 'catkin_skip_building_tests': False, 'cmake_args': None, 'cmake_clean_cache': False, 'cmake_clean_first': False, 'cmake_force_configure': False, 'cmake_target': None, 'cmake_target_skip_unavailable': False, 'install_base': '/home/dev_computer/Desktop/robot_arm_ws/install/detector', 'merge_install': False, 'path': '/home/dev_computer/Desktop/robot_arm_ws/src/detector', 'symlink_install': True, 'test_result_base': None}
[0.288s] Level 5:colcon.colcon_core.verb:set package 'detector_subscriber' build argument 'cmake_args' from command line to 'None'
[0.288s] Level 5:colcon.colcon_core.verb:set package 'detector_subscriber' build argument 'cmake_target' from command line to 'None'
[0.288s] Level 5:colcon.colcon_core.verb:set package 'detector_subscriber' build argument 'cmake_target_skip_unavailable' from command line to 'False'
[0.288s] Level 5:colcon.colcon_core.verb:set package 'detector_subscriber' build argument 'cmake_clean_cache' from command line to 'False'
[0.288s] Level 5:colcon.colcon_core.verb:set package 'detector_subscriber' build argument 'cmake_clean_first' from command line to 'False'
[0.289s] Level 5:colcon.colcon_core.verb:set package 'detector_subscriber' build argument 'cmake_force_configure' from command line to 'False'
[0.289s] Level 5:colcon.colcon_core.verb:set package 'detector_subscriber' build argument 'ament_cmake_args' from command line to 'None'
[0.289s] Level 5:colcon.colcon_core.verb:set package 'detector_subscriber' build argument 'catkin_cmake_args' from command line to 'None'
[0.289s] Level 5:colcon.colcon_core.verb:set package 'detector_subscriber' build argument 'catkin_skip_building_tests' from command line to 'False'
[0.289s] DEBUG:colcon.colcon_core.verb:Building package 'detector_subscriber' with the following arguments: {'ament_cmake_args': None, 'build_base': '/home/dev_computer/Desktop/robot_arm_ws/build/detector_subscriber', 'catkin_cmake_args': None, 'catkin_skip_building_tests': False, 'cmake_args': None, 'cmake_clean_cache': False, 'cmake_clean_first': False, 'cmake_force_configure': False, 'cmake_target': None, 'cmake_target_skip_unavailable': False, 'install_base': '/home/dev_computer/Desktop/robot_arm_ws/install/detector_subscriber', 'merge_install': False, 'path': '/home/dev_computer/Desktop/robot_arm_ws/src/detector_subscriber', 'symlink_install': True, 'test_result_base': None}
[0.289s] Level 5:colcon.colcon_core.verb:set package 'robot_arm_description' build argument 'cmake_args' from command line to 'None'
[0.289s] Level 5:colcon.colcon_core.verb:set package 'robot_arm_description' build argument 'cmake_target' from command line to 'None'
[0.289s] Level 5:colcon.colcon_core.verb:set package 'robot_arm_description' build argument 'cmake_target_skip_unavailable' from command line to 'False'
[0.289s] Level 5:colcon.colcon_core.verb:set package 'robot_arm_description' build argument 'cmake_clean_cache' from command line to 'False'
[0.289s] Level 5:colcon.colcon_core.verb:set package 'robot_arm_description' build argument 'cmake_clean_first' from command line to 'False'
[0.289s] Level 5:colcon.colcon_core.verb:set package 'robot_arm_description' build argument 'cmake_force_configure' from command line to 'False'
[0.289s] Level 5:colcon.colcon_core.verb:set package 'robot_arm_description' build argument 'ament_cmake_args' from command line to 'None'
[0.289s] Level 5:colcon.colcon_core.verb:set package 'robot_arm_description' build argument 'catkin_cmake_args' from command line to 'None'
[0.289s] Level 5:colcon.colcon_core.verb:set package 'robot_arm_description' build argument 'catkin_skip_building_tests' from command line to 'False'
[0.289s] DEBUG:colcon.colcon_core.verb:Building package 'robot_arm_description' with the following arguments: {'ament_cmake_args': None, 'build_base': '/home/dev_computer/Desktop/robot_arm_ws/build/robot_arm_description', 'catkin_cmake_args': None, 'catkin_skip_building_tests': False, 'cmake_args': None, 'cmake_clean_cache': False, 'cmake_clean_first': False, 'cmake_force_configure': False, 'cmake_target': None, 'cmake_target_skip_unavailable': False, 'install_base': '/home/dev_computer/Desktop/robot_arm_ws/install/robot_arm_description', 'merge_install': False, 'path': '/home/dev_computer/Desktop/robot_arm_ws/src/robot_arm_description', 'symlink_install': True, 'test_result_base': None}
[0.290s] Level 5:colcon.colcon_core.verb:set package 'spatial_detector' build argument 'cmake_args' from command line to 'None'
[0.290s] Level 5:colcon.colcon_core.verb:set package 'spatial_detector' build argument 'cmake_target' from command line to 'None'
[0.290s] Level 5:colcon.colcon_core.verb:set package 'spatial_detector' build argument 'cmake_target_skip_unavailable' from command line to 'False'
[0.290s] Level 5:colcon.colcon_core.verb:set package 'spatial_detector' build argument 'cmake_clean_cache' from command line to 'False'
[0.290s] Level 5:colcon.colcon_core.verb:set package 'spatial_detector' build argument 'cmake_clean_first' from command line to 'False'
[0.290s] Level 5:colcon.colcon_core.verb:set package 'spatial_detector' build argument 'cmake_force_configure' from command line to 'False'
[0.290s] Level 5:colcon.colcon_core.verb:set package 'spatial_detector' build argument 'ament_cmake_args' from command line to 'None'
[0.290s] Level 5:colcon.colcon_core.verb:set package 'spatial_detector' build argument 'catkin_cmake_args' from command line to 'None'
[0.290s] Level 5:colcon.colcon_core.verb:set package 'spatial_detector' build argument 'catkin_skip_building_tests' from command line to 'False'
[0.290s] DEBUG:colcon.colcon_core.verb:Building package 'spatial_detector' with the following arguments: {'ament_cmake_args': None, 'build_base': '/home/dev_computer/Desktop/robot_arm_ws/build/spatial_detector', 'catkin_cmake_args': None, 'catkin_skip_building_tests': False, 'cmake_args': None, 'cmake_clean_cache': False, 'cmake_clean_first': False, 'cmake_force_configure': False, 'cmake_target': None, 'cmake_target_skip_unavailable': False, 'install_base': '/home/dev_computer/Desktop/robot_arm_ws/install/spatial_detector', 'merge_install': False, 'path': '/home/dev_computer/Desktop/robot_arm_ws/src/spatial_detector', 'symlink_install': True, 'test_result_base': None}
[0.290s] INFO:colcon.colcon_core.executor:Executing jobs using 'parallel' executor
[0.292s] DEBUG:colcon.colcon_parallel_executor.executor.parallel:run_until_complete
[0.292s] INFO:colcon.colcon_ros.task.ament_python.build:Building ROS package in '/home/dev_computer/Desktop/robot_arm_ws/src/controller_joint_test' with build type 'ament_python'
[0.292s] Level 1:colcon.colcon_core.shell:create_environment_hook('controller_joint_test', 'ament_prefix_path')
[0.295s] INFO:colcon.colcon_core.plugin_system:Skipping extension 'colcon_core.shell.bat': Not used on non-Windows systems
[0.296s] INFO:colcon.colcon_core.shell:Creating environment hook '/home/dev_computer/Desktop/robot_arm_ws/install/controller_joint_test/share/controller_joint_test/hook/ament_prefix_path.ps1'
[0.297s] INFO:colcon.colcon_core.shell:Creating environment descriptor '/home/dev_computer/Desktop/robot_arm_ws/install/controller_joint_test/share/controller_joint_test/hook/ament_prefix_path.dsv'
[0.297s] INFO:colcon.colcon_core.shell:Creating environment hook '/home/dev_computer/Desktop/robot_arm_ws/install/controller_joint_test/share/controller_joint_test/hook/ament_prefix_path.sh'
[0.299s] INFO:colcon.colcon_core.shell:Skip shell extension 'powershell' for command environment: Not usable outside of PowerShell
[0.299s] DEBUG:colcon.colcon_core.shell:Skip shell extension 'dsv' for command environment
[0.305s] INFO:colcon.colcon_ros.task.ament_python.build:Building ROS package in '/home/dev_computer/Desktop/robot_arm_ws/src/detector' with build type 'ament_python'
[0.306s] Level 1:colcon.colcon_core.shell:create_environment_hook('detector', 'ament_prefix_path')
[0.306s] INFO:colcon.colcon_core.shell:Creating environment hook '/home/dev_computer/Desktop/robot_arm_ws/install/detector/share/detector/hook/ament_prefix_path.ps1'
[0.307s] INFO:colcon.colcon_core.shell:Creating environment descriptor '/home/dev_computer/Desktop/robot_arm_ws/install/detector/share/detector/hook/ament_prefix_path.dsv'
[0.308s] INFO:colcon.colcon_core.shell:Creating environment hook '/home/dev_computer/Desktop/robot_arm_ws/install/detector/share/detector/hook/ament_prefix_path.sh'
[0.309s] INFO:colcon.colcon_core.shell:Skip shell extension 'powershell' for command environment: Not usable outside of PowerShell
[0.309s] DEBUG:colcon.colcon_core.shell:Skip shell extension 'dsv' for command environment
[0.313s] INFO:colcon.colcon_ros.task.ament_python.build:Building ROS package in '/home/dev_computer/Desktop/robot_arm_ws/src/detector_subscriber' with build type 'ament_python'
[0.314s] Level 1:colcon.colcon_core.shell:create_environment_hook('detector_subscriber', 'ament_prefix_path')
[0.314s] INFO:colcon.colcon_core.shell:Creating environment hook '/home/dev_computer/Desktop/robot_arm_ws/install/detector_subscriber/share/detector_subscriber/hook/ament_prefix_path.ps1'
[0.315s] INFO:colcon.colcon_core.shell:Creating environment descriptor '/home/dev_computer/Desktop/robot_arm_ws/install/detector_subscriber/share/detector_subscriber/hook/ament_prefix_path.dsv'
[0.316s] INFO:colcon.colcon_core.shell:Creating environment hook '/home/dev_computer/Desktop/robot_arm_ws/install/detector_subscriber/share/detector_subscriber/hook/ament_prefix_path.sh'
[0.316s] INFO:colcon.colcon_core.shell:Skip shell extension 'powershell' for command environment: Not usable outside of PowerShell
[0.317s] DEBUG:colcon.colcon_core.shell:Skip shell extension 'dsv' for command environment
[0.322s] INFO:colcon.colcon_ros.task.ament_cmake.build:Building ROS package in '/home/dev_computer/Desktop/robot_arm_ws/src/robot_arm_description' with build type 'ament_cmake'
[0.322s] INFO:colcon.colcon_cmake.task.cmake.build:Building CMake package in '/home/dev_computer/Desktop/robot_arm_ws/src/robot_arm_description'
[0.323s] INFO:colcon.colcon_core.shell:Skip shell extension 'powershell' for command environment: Not usable outside of PowerShell
[0.323s] DEBUG:colcon.colcon_core.shell:Skip shell extension 'dsv' for command environment
[0.327s] INFO:colcon.colcon_ros.task.ament_python.build:Building ROS package in '/home/dev_computer/Desktop/robot_arm_ws/src/spatial_detector' with build type 'ament_python'
[0.327s] Level 1:colcon.colcon_core.shell:create_environment_hook('spatial_detector', 'ament_prefix_path')
[0.327s] INFO:colcon.colcon_core.shell:Creating environment hook '/home/dev_computer/Desktop/robot_arm_ws/install/spatial_detector/share/spatial_detector/hook/ament_prefix_path.ps1'
[0.328s] INFO:colcon.colcon_core.shell:Creating environment descriptor '/home/dev_computer/Desktop/robot_arm_ws/install/spatial_detector/share/spatial_detector/hook/ament_prefix_path.dsv'
[0.329s] INFO:colcon.colcon_core.shell:Creating environment hook '/home/dev_computer/Desktop/robot_arm_ws/install/spatial_detector/share/spatial_detector/hook/ament_prefix_path.sh'
[0.329s] INFO:colcon.colcon_core.shell:Skip shell extension 'powershell' for command environment: Not usable outside of PowerShell
[0.329s] DEBUG:colcon.colcon_core.shell:Skip shell extension 'dsv' for command environment
[0.592s] INFO:colcon.colcon_core.task.python.build:Building Python package in '/home/dev_computer/Desktop/robot_arm_ws/src/controller_joint_test'
[0.593s] INFO:colcon.colcon_core.shell:Skip shell extension 'powershell' for command environment: Not usable outside of PowerShell
[0.593s] DEBUG:colcon.colcon_core.shell:Skip shell extension 'dsv' for command environment
[0.886s] INFO:colcon.colcon_core.task.python.build:Building Python package in '/home/dev_computer/Desktop/robot_arm_ws/src/detector'
[0.887s] INFO:colcon.colcon_core.shell:Skip shell extension 'powershell' for command environment: Not usable outside of PowerShell
[0.887s] DEBUG:colcon.colcon_core.shell:Skip shell extension 'dsv' for command environment
[1.143s] INFO:colcon.colcon_core.task.python.build:Building Python package in '/home/dev_computer/Desktop/robot_arm_ws/src/detector_subscriber'
[1.143s] INFO:colcon.colcon_core.shell:Skip shell extension 'powershell' for command environment: Not usable outside of PowerShell
[1.144s] DEBUG:colcon.colcon_core.shell:Skip shell extension 'dsv' for command environment
[1.151s] DEBUG:colcon.colcon_core.event_handler.log_command:Invoking command in '/home/dev_computer/Desktop/robot_arm_ws/build/robot_arm_description': CMAKE_PREFIX_PATH=${CMAKE_PREFIX_PATH}:/home/dev_computer/Desktop/robot_arm_ws/install/spatial_detector:/home/dev_computer/Desktop/robot_arm_ws/install/detector_subscriber:/home/dev_computer/Desktop/robot_arm_ws/install/detector:/home/dev_computer/Desktop/robot_arm_ws/install/controller_joint_test:/opt/ros/jazzy DEBUGINFOD_URLS=https://debuginfod.ubuntu.com /usr/bin/cmake --build /home/dev_computer/Desktop/robot_arm_ws/build/robot_arm_description -- -j8 -l8
[1.407s] INFO:colcon.colcon_core.task.python.build:Building Python package in '/home/dev_computer/Desktop/robot_arm_ws/src/spatial_detector'
[1.407s] INFO:colcon.colcon_core.shell:Skip shell extension 'powershell' for command environment: Not usable outside of PowerShell
[1.407s] DEBUG:colcon.colcon_core.shell:Skip shell extension 'dsv' for command environment
[1.419s] DEBUG:colcon.colcon_core.event_handler.log_command:Invoked command in '/home/dev_computer/Desktop/robot_arm_ws/build/robot_arm_description' returned '0': CMAKE_PREFIX_PATH=${CMAKE_PREFIX_PATH}:/home/dev_computer/Desktop/robot_arm_ws/install/spatial_detector:/home/dev_computer/Desktop/robot_arm_ws/install/detector_subscriber:/home/dev_computer/Desktop/robot_arm_ws/install/detector:/home/dev_computer/Desktop/robot_arm_ws/install/controller_joint_test:/opt/ros/jazzy DEBUGINFOD_URLS=https://debuginfod.ubuntu.com /usr/bin/cmake --build /home/dev_computer/Desktop/robot_arm_ws/build/robot_arm_description -- -j8 -l8
[1.433s] DEBUG:colcon.colcon_core.event_handler.log_command:Invoking command in '/home/dev_computer/Desktop/robot_arm_ws/build/robot_arm_description': CMAKE_PREFIX_PATH=${CMAKE_PREFIX_PATH}:/home/dev_computer/Desktop/robot_arm_ws/install/spatial_detector:/home/dev_computer/Desktop/robot_arm_ws/install/detector_subscriber:/home/dev_computer/Desktop/robot_arm_ws/install/detector:/home/dev_computer/Desktop/robot_arm_ws/install/controller_joint_test:/opt/ros/jazzy DEBUGINFOD_URLS=https://debuginfod.ubuntu.com /usr/bin/cmake --install /home/dev_computer/Desktop/robot_arm_ws/build/robot_arm_description
[1.510s] Level 1:colcon.colcon_core.environment:create_environment_scripts_only(robot_arm_description)
[1.512s] DEBUG:colcon.colcon_core.event_handler.log_command:Invoked command in '/home/dev_computer/Desktop/robot_arm_ws/build/robot_arm_description' returned '0': CMAKE_PREFIX_PATH=${CMAKE_PREFIX_PATH}:/home/dev_computer/Desktop/robot_arm_ws/install/spatial_detector:/home/dev_computer/Desktop/robot_arm_ws/install/detector_subscriber:/home/dev_computer/Desktop/robot_arm_ws/install/detector:/home/dev_computer/Desktop/robot_arm_ws/install/controller_joint_test:/opt/ros/jazzy DEBUGINFOD_URLS=https://debuginfod.ubuntu.com /usr/bin/cmake --install /home/dev_computer/Desktop/robot_arm_ws/build/robot_arm_description
[1.518s] Level 1:colcon.colcon_core.environment:checking '/home/dev_computer/Desktop/robot_arm_ws/install/robot_arm_description' for CMake module files
[1.519s] Level 1:colcon.colcon_core.environment:checking '/home/dev_computer/Desktop/robot_arm_ws/install/robot_arm_description' for CMake config files
[1.521s] Level 1:colcon.colcon_core.shell:create_environment_hook('robot_arm_description', 'cmake_prefix_path')
[1.521s] INFO:colcon.colcon_core.shell:Creating environment hook '/home/dev_computer/Desktop/robot_arm_ws/install/robot_arm_description/share/robot_arm_description/hook/cmake_prefix_path.ps1'
[1.522s] INFO:colcon.colcon_core.shell:Creating environment descriptor '/home/dev_computer/Desktop/robot_arm_ws/install/robot_arm_description/share/robot_arm_description/hook/cmake_prefix_path.dsv'
[1.523s] INFO:colcon.colcon_core.shell:Creating environment hook '/home/dev_computer/Desktop/robot_arm_ws/install/robot_arm_description/share/robot_arm_description/hook/cmake_prefix_path.sh'
[1.525s] Level 1:colcon.colcon_core.environment:checking '/home/dev_computer/Desktop/robot_arm_ws/install/robot_arm_description/bin'
[1.525s] Level 1:colcon.colcon_core.environment:checking '/home/dev_computer/Desktop/robot_arm_ws/install/robot_arm_description/lib/pkgconfig/robot_arm_description.pc'
[1.526s] Level 1:colcon.colcon_core.environment:checking '/home/dev_computer/Desktop/robot_arm_ws/install/robot_arm_description/lib/python3.12/site-packages'
[1.527s] Level 1:colcon.colcon_core.environment:checking '/home/dev_computer/Desktop/robot_arm_ws/install/robot_arm_description/bin'
[1.527s] INFO:colcon.colcon_core.shell:Creating package script '/home/dev_computer/Desktop/robot_arm_ws/install/robot_arm_description/share/robot_arm_description/package.ps1'
[1.529s] INFO:colcon.colcon_core.shell:Creating package descriptor '/home/dev_computer/Desktop/robot_arm_ws/install/robot_arm_description/share/robot_arm_description/package.dsv'
[1.531s] INFO:colcon.colcon_core.shell:Creating package script '/home/dev_computer/Desktop/robot_arm_ws/install/robot_arm_description/share/robot_arm_description/package.sh'
[1.532s] INFO:colcon.colcon_core.shell:Creating package script '/home/dev_computer/Desktop/robot_arm_ws/install/robot_arm_description/share/robot_arm_description/package.bash'
[1.534s] INFO:colcon.colcon_core.shell:Creating package script '/home/dev_computer/Desktop/robot_arm_ws/install/robot_arm_description/share/robot_arm_description/package.zsh'
[1.536s] Level 1:colcon.colcon_core.environment:create_file_with_runtime_dependencies(/home/dev_computer/Desktop/robot_arm_ws/install/robot_arm_description/share/colcon-core/packages/robot_arm_description)
[1.537s] Level 1:colcon.colcon_core.environment:create_environment_scripts_only(robot_arm_description)
[1.537s] Level 1:colcon.colcon_core.environment:checking '/home/dev_computer/Desktop/robot_arm_ws/install/robot_arm_description' for CMake module files
[1.539s] Level 1:colcon.colcon_core.environment:checking '/home/dev_computer/Desktop/robot_arm_ws/install/robot_arm_description' for CMake config files
[1.541s] Level 1:colcon.colcon_core.shell:create_environment_hook('robot_arm_description', 'cmake_prefix_path')
[1.542s] INFO:colcon.colcon_core.shell:Creating environment hook '/home/dev_computer/Desktop/robot_arm_ws/install/robot_arm_description/share/robot_arm_description/hook/cmake_prefix_path.ps1'
[1.543s] INFO:colcon.colcon_core.shell:Creating environment descriptor '/home/dev_computer/Desktop/robot_arm_ws/install/robot_arm_description/share/robot_arm_description/hook/cmake_prefix_path.dsv'
[1.543s] INFO:colcon.colcon_core.shell:Creating environment hook '/home/dev_computer/Desktop/robot_arm_ws/install/robot_arm_description/share/robot_arm_description/hook/cmake_prefix_path.sh'
[1.545s] Level 1:colcon.colcon_core.environment:checking '/home/dev_computer/Desktop/robot_arm_ws/install/robot_arm_description/bin'
[1.545s] Level 1:colcon.colcon_core.environment:checking '/home/dev_computer/Desktop/robot_arm_ws/install/robot_arm_description/lib/pkgconfig/robot_arm_description.pc'
[1.545s] Level 1:colcon.colcon_core.environment:checking '/home/dev_computer/Desktop/robot_arm_ws/install/robot_arm_description/lib/python3.12/site-packages'
[1.547s] Level 1:colcon.colcon_core.environment:checking '/home/dev_computer/Desktop/robot_arm_ws/install/robot_arm_description/bin'
[1.547s] INFO:colcon.colcon_core.shell:Creating package script '/home/dev_computer/Desktop/robot_arm_ws/install/robot_arm_description/share/robot_arm_description/package.ps1'
[1.548s] INFO:colcon.colcon_core.shell:Creating package descriptor '/home/dev_computer/Desktop/robot_arm_ws/install/robot_arm_description/share/robot_arm_description/package.dsv'
[1.550s] INFO:colcon.colcon_core.shell:Creating package script '/home/dev_computer/Desktop/robot_arm_ws/install/robot_arm_description/share/robot_arm_description/package.sh'
[1.551s] INFO:colcon.colcon_core.shell:Creating package script '/home/dev_computer/Desktop/robot_arm_ws/install/robot_arm_description/share/robot_arm_description/package.bash'
[1.552s] INFO:colcon.colcon_core.shell:Creating package script '/home/dev_computer/Desktop/robot_arm_ws/install/robot_arm_description/share/robot_arm_description/package.zsh'
[1.553s] Level 1:colcon.colcon_core.environment:create_file_with_runtime_dependencies(/home/dev_computer/Desktop/robot_arm_ws/install/robot_arm_description/share/colcon-core/packages/robot_arm_description)
[2.565s] DEBUG:colcon.colcon_core.event_handler.log_command:Invoking command in '/home/dev_computer/Desktop/robot_arm_ws/build/controller_joint_test': DEBUGINFOD_URLS=https://debuginfod.ubuntu.com PYTHONPATH=/home/dev_computer/Desktop/robot_arm_ws/build/controller_joint_test/prefix_override:/usr/lib/python3/dist-packages/colcon_core/task/python/colcon_distutils_commands:/home/dev_computer/Desktop/robot_arm_ws/install/controller_joint_test/lib/python3.12/site-packages:${PYTHONPATH} /usr/bin/python3 -W ignore:setup.py install is deprecated -W ignore:easy_install command is deprecated setup.py develop --editable --build-directory /home/dev_computer/Desktop/robot_arm_ws/build/controller_joint_test/build --no-deps symlink_data
[2.580s] DEBUG:colcon.colcon_core.event_handler.log_command:Invoking command in '/home/dev_computer/Desktop/robot_arm_ws/build/detector_subscriber': DEBUGINFOD_URLS=https://debuginfod.ubuntu.com PYTHONPATH=/home/dev_computer/Desktop/robot_arm_ws/build/detector_subscriber/prefix_override:/usr/lib/python3/dist-packages/colcon_core/task/python/colcon_distutils_commands:/home/dev_computer/Desktop/robot_arm_ws/install/detector_subscriber/lib/python3.12/site-packages:${PYTHONPATH} /usr/bin/python3 -W ignore:setup.py install is deprecated -W ignore:easy_install command is deprecated setup.py develop --editable --build-directory /home/dev_computer/Desktop/robot_arm_ws/build/detector_subscriber/build --no-deps symlink_data
[2.596s] DEBUG:colcon.colcon_core.event_handler.log_command:Invoking command in '/home/dev_computer/Desktop/robot_arm_ws/build/detector': DEBUGINFOD_URLS=https://debuginfod.ubuntu.com PYTHONPATH=/home/dev_computer/Desktop/robot_arm_ws/build/detector/prefix_override:/usr/lib/python3/dist-packages/colcon_core/task/python/colcon_distutils_commands:/home/dev_computer/Desktop/robot_arm_ws/install/detector/lib/python3.12/site-packages:${PYTHONPATH} /usr/bin/python3 -W ignore:setup.py install is deprecated -W ignore:easy_install command is deprecated setup.py develop --editable --build-directory /home/dev_computer/Desktop/robot_arm_ws/build/detector/build --no-deps symlink_data
[2.613s] DEBUG:colcon.colcon_core.event_handler.log_command:Invoking command in '/home/dev_computer/Desktop/robot_arm_ws/build/spatial_detector': DEBUGINFOD_URLS=https://debuginfod.ubuntu.com PYTHONPATH=/home/dev_computer/Desktop/robot_arm_ws/build/spatial_detector/prefix_override:/usr/lib/python3/dist-packages/colcon_core/task/python/colcon_distutils_commands:/home/dev_computer/Desktop/robot_arm_ws/install/spatial_detector/lib/python3.12/site-packages:${PYTHONPATH} /usr/bin/python3 -W ignore:setup.py install is deprecated -W ignore:easy_install command is deprecated setup.py develop --editable --build-directory /home/dev_computer/Desktop/robot_arm_ws/build/spatial_detector/build --no-deps symlink_data
[3.844s] Level 1:colcon.colcon_core.shell:create_environment_hook('detector_subscriber', 'pythonpath_develop')
[3.845s] INFO:colcon.colcon_core.shell:Creating environment hook '/home/dev_computer/Desktop/robot_arm_ws/build/detector_subscriber/share/detector_subscriber/hook/pythonpath_develop.ps1'
[3.846s] DEBUG:colcon.colcon_core.event_handler.log_command:Invoked command in '/home/dev_computer/Desktop/robot_arm_ws/build/detector_subscriber' returned '0': DEBUGINFOD_URLS=https://debuginfod.ubuntu.com PYTHONPATH=/home/dev_computer/Desktop/robot_arm_ws/build/detector_subscriber/prefix_override:/usr/lib/python3/dist-packages/colcon_core/task/python/colcon_distutils_commands:/home/dev_computer/Desktop/robot_arm_ws/install/detector_subscriber/lib/python3.12/site-packages:${PYTHONPATH} /usr/bin/python3 -W ignore:setup.py install is deprecated -W ignore:easy_install command is deprecated setup.py develop --editable --build-directory /home/dev_computer/Desktop/robot_arm_ws/build/detector_subscriber/build --no-deps symlink_data
[3.846s] INFO:colcon.colcon_core.shell:Creating environment descriptor '/home/dev_computer/Desktop/robot_arm_ws/build/detector_subscriber/share/detector_subscriber/hook/pythonpath_develop.dsv'
[3.847s] INFO:colcon.colcon_core.shell:Creating environment hook '/home/dev_computer/Desktop/robot_arm_ws/build/detector_subscriber/share/detector_subscriber/hook/pythonpath_develop.sh'
[3.848s] Level 1:colcon.colcon_core.environment:checking '/home/dev_computer/Desktop/robot_arm_ws/install/detector_subscriber' for CMake module files
[3.849s] Level 1:colcon.colcon_core.environment:checking '/home/dev_computer/Desktop/robot_arm_ws/install/detector_subscriber' for CMake config files
[3.850s] Level 1:colcon.colcon_core.environment:checking '/home/dev_computer/Desktop/robot_arm_ws/install/detector_subscriber/lib'
[3.851s] Level 1:colcon.colcon_core.environment:checking '/home/dev_computer/Desktop/robot_arm_ws/install/detector_subscriber/bin'
[3.851s] Level 1:colcon.colcon_core.environment:checking '/home/dev_computer/Desktop/robot_arm_ws/install/detector_subscriber/lib/pkgconfig/detector_subscriber.pc'
[3.852s] Level 1:colcon.colcon_core.environment:checking '/home/dev_computer/Desktop/robot_arm_ws/install/detector_subscriber/lib/python3.12/site-packages'
[3.852s] Level 1:colcon.colcon_core.shell:create_environment_hook('detector_subscriber', 'pythonpath')
[3.852s] INFO:colcon.colcon_core.shell:Creating environment hook '/home/dev_computer/Desktop/robot_arm_ws/install/detector_subscriber/share/detector_subscriber/hook/pythonpath.ps1'
[3.853s] INFO:colcon.colcon_core.shell:Creating environment descriptor '/home/dev_computer/Desktop/robot_arm_ws/install/detector_subscriber/share/detector_subscriber/hook/pythonpath.dsv'
[3.854s] INFO:colcon.colcon_core.shell:Creating environment hook '/home/dev_computer/Desktop/robot_arm_ws/install/detector_subscriber/share/detector_subscriber/hook/pythonpath.sh'
[3.855s] Level 1:colcon.colcon_core.environment:checking '/home/dev_computer/Desktop/robot_arm_ws/install/detector_subscriber/bin'
[3.855s] Level 1:colcon.colcon_core.environment:create_environment_scripts_only(detector_subscriber)
[3.856s] INFO:colcon.colcon_core.shell:Creating package script '/home/dev_computer/Desktop/robot_arm_ws/install/detector_subscriber/share/detector_subscriber/package.ps1'
[3.857s] INFO:colcon.colcon_core.shell:Creating package descriptor '/home/dev_computer/Desktop/robot_arm_ws/install/detector_subscriber/share/detector_subscriber/package.dsv'
[3.858s] INFO:colcon.colcon_core.shell:Creating package script '/home/dev_computer/Desktop/robot_arm_ws/install/detector_subscriber/share/detector_subscriber/package.sh'
[3.859s] INFO:colcon.colcon_core.shell:Creating package script '/home/dev_computer/Desktop/robot_arm_ws/install/detector_subscriber/share/detector_subscriber/package.bash'
[3.860s] INFO:colcon.colcon_core.shell:Creating package script '/home/dev_computer/Desktop/robot_arm_ws/install/detector_subscriber/share/detector_subscriber/package.zsh'
[3.860s] Level 1:colcon.colcon_core.environment:create_file_with_runtime_dependencies(/home/dev_computer/Desktop/robot_arm_ws/install/detector_subscriber/share/colcon-core/packages/detector_subscriber)
[3.862s] Level 1:colcon.colcon_core.shell:create_environment_hook('controller_joint_test', 'pythonpath_develop')
[3.863s] INFO:colcon.colcon_core.shell:Creating environment hook '/home/dev_computer/Desktop/robot_arm_ws/build/controller_joint_test/share/controller_joint_test/hook/pythonpath_develop.ps1'
[3.864s] DEBUG:colcon.colcon_core.event_handler.log_command:Invoked command in '/home/dev_computer/Desktop/robot_arm_ws/build/controller_joint_test' returned '0': DEBUGINFOD_URLS=https://debuginfod.ubuntu.com PYTHONPATH=/home/dev_computer/Desktop/robot_arm_ws/build/controller_joint_test/prefix_override:/usr/lib/python3/dist-packages/colcon_core/task/python/colcon_distutils_commands:/home/dev_computer/Desktop/robot_arm_ws/install/controller_joint_test/lib/python3.12/site-packages:${PYTHONPATH} /usr/bin/python3 -W ignore:setup.py install is deprecated -W ignore:easy_install command is deprecated setup.py develop --editable --build-directory /home/dev_computer/Desktop/robot_arm_ws/build/controller_joint_test/build --no-deps symlink_data
[3.865s] INFO:colcon.colcon_core.shell:Creating environment descriptor '/home/dev_computer/Desktop/robot_arm_ws/build/controller_joint_test/share/controller_joint_test/hook/pythonpath_develop.dsv'
[3.865s] INFO:colcon.colcon_core.shell:Creating environment hook '/home/dev_computer/Desktop/robot_arm_ws/build/controller_joint_test/share/controller_joint_test/hook/pythonpath_develop.sh'
[3.866s] Level 1:colcon.colcon_core.environment:checking '/home/dev_computer/Desktop/robot_arm_ws/install/controller_joint_test' for CMake module files
[3.867s] Level 1:colcon.colcon_core.environment:checking '/home/dev_computer/Desktop/robot_arm_ws/install/controller_joint_test' for CMake config files
[3.868s] Level 1:colcon.colcon_core.environment:checking '/home/dev_computer/Desktop/robot_arm_ws/install/controller_joint_test/lib'
[3.868s] Level 1:colcon.colcon_core.environment:checking '/home/dev_computer/Desktop/robot_arm_ws/install/controller_joint_test/bin'
[3.868s] Level 1:colcon.colcon_core.environment:checking '/home/dev_computer/Desktop/robot_arm_ws/install/controller_joint_test/lib/pkgconfig/controller_joint_test.pc'
[3.868s] Level 1:colcon.colcon_core.environment:checking '/home/dev_computer/Desktop/robot_arm_ws/install/controller_joint_test/lib/python3.12/site-packages'
[3.868s] Level 1:colcon.colcon_core.shell:create_environment_hook('controller_joint_test', 'pythonpath')
[3.869s] INFO:colcon.colcon_core.shell:Creating environment hook '/home/dev_computer/Desktop/robot_arm_ws/install/controller_joint_test/share/controller_joint_test/hook/pythonpath.ps1'
[3.870s] INFO:colcon.colcon_core.shell:Creating environment descriptor '/home/dev_computer/Desktop/robot_arm_ws/install/controller_joint_test/share/controller_joint_test/hook/pythonpath.dsv'
[3.871s] INFO:colcon.colcon_core.shell:Creating environment hook '/home/dev_computer/Desktop/robot_arm_ws/install/controller_joint_test/share/controller_joint_test/hook/pythonpath.sh'
[3.872s] Level 1:colcon.colcon_core.environment:checking '/home/dev_computer/Desktop/robot_arm_ws/install/controller_joint_test/bin'
[3.872s] Level 1:colcon.colcon_core.environment:create_environment_scripts_only(controller_joint_test)
[3.872s] INFO:colcon.colcon_core.shell:Creating package script '/home/dev_computer/Desktop/robot_arm_ws/install/controller_joint_test/share/controller_joint_test/package.ps1'
[3.873s] INFO:colcon.colcon_core.shell:Creating package descriptor '/home/dev_computer/Desktop/robot_arm_ws/install/controller_joint_test/share/controller_joint_test/package.dsv'
[3.874s] INFO:colcon.colcon_core.shell:Creating package script '/home/dev_computer/Desktop/robot_arm_ws/install/controller_joint_test/share/controller_joint_test/package.sh'
[3.875s] INFO:colcon.colcon_core.shell:Creating package script '/home/dev_computer/Desktop/robot_arm_ws/install/controller_joint_test/share/controller_joint_test/package.bash'
[3.875s] INFO:colcon.colcon_core.shell:Creating package script '/home/dev_computer/Desktop/robot_arm_ws/install/controller_joint_test/share/controller_joint_test/package.zsh'
[3.876s] Level 1:colcon.colcon_core.environment:create_file_with_runtime_dependencies(/home/dev_computer/Desktop/robot_arm_ws/install/controller_joint_test/share/colcon-core/packages/controller_joint_test)
[3.878s] Level 1:colcon.colcon_core.shell:create_environment_hook('spatial_detector', 'pythonpath_develop')
[3.878s] INFO:colcon.colcon_core.shell:Creating environment hook '/home/dev_computer/Desktop/robot_arm_ws/build/spatial_detector/share/spatial_detector/hook/pythonpath_develop.ps1'
[3.879s] DEBUG:colcon.colcon_core.event_handler.log_command:Invoked command in '/home/dev_computer/Desktop/robot_arm_ws/build/spatial_detector' returned '0': DEBUGINFOD_URLS=https://debuginfod.ubuntu.com PYTHONPATH=/home/dev_computer/Desktop/robot_arm_ws/build/spatial_detector/prefix_override:/usr/lib/python3/dist-packages/colcon_core/task/python/colcon_distutils_commands:/home/dev_computer/Desktop/robot_arm_ws/install/spatial_detector/lib/python3.12/site-packages:${PYTHONPATH} /usr/bin/python3 -W ignore:setup.py install is deprecated -W ignore:easy_install command is deprecated setup.py develop --editable --build-directory /home/dev_computer/Desktop/robot_arm_ws/build/spatial_detector/build --no-deps symlink_data
[3.879s] INFO:colcon.colcon_core.shell:Creating environment descriptor '/home/dev_computer/Desktop/robot_arm_ws/build/spatial_detector/share/spatial_detector/hook/pythonpath_develop.dsv'
[3.880s] INFO:colcon.colcon_core.shell:Creating environment hook '/home/dev_computer/Desktop/robot_arm_ws/build/spatial_detector/share/spatial_detector/hook/pythonpath_develop.sh'
[3.881s] Level 1:colcon.colcon_core.environment:checking '/home/dev_computer/Desktop/robot_arm_ws/install/spatial_detector' for CMake module files
[3.881s] Level 1:colcon.colcon_core.environment:checking '/home/dev_computer/Desktop/robot_arm_ws/install/spatial_detector' for CMake config files
[3.882s] Level 1:colcon.colcon_core.environment:checking '/home/dev_computer/Desktop/robot_arm_ws/install/spatial_detector/lib'
[3.882s] Level 1:colcon.colcon_core.environment:checking '/home/dev_computer/Desktop/robot_arm_ws/install/spatial_detector/bin'
[3.882s] Level 1:colcon.colcon_core.environment:checking '/home/dev_computer/Desktop/robot_arm_ws/install/spatial_detector/lib/pkgconfig/spatial_detector.pc'
[3.883s] Level 1:colcon.colcon_core.environment:checking '/home/dev_computer/Desktop/robot_arm_ws/install/spatial_detector/lib/python3.12/site-packages'
[3.883s] Level 1:colcon.colcon_core.shell:create_environment_hook('spatial_detector', 'pythonpath')
[3.883s] INFO:colcon.colcon_core.shell:Creating environment hook '/home/dev_computer/Desktop/robot_arm_ws/install/spatial_detector/share/spatial_detector/hook/pythonpath.ps1'
[3.883s] INFO:colcon.colcon_core.shell:Creating environment descriptor '/home/dev_computer/Desktop/robot_arm_ws/install/spatial_detector/share/spatial_detector/hook/pythonpath.dsv'
[3.884s] INFO:colcon.colcon_core.shell:Creating environment hook '/home/dev_computer/Desktop/robot_arm_ws/install/spatial_detector/share/spatial_detector/hook/pythonpath.sh'
[3.885s] Level 1:colcon.colcon_core.environment:checking '/home/dev_computer/Desktop/robot_arm_ws/install/spatial_detector/bin'
[3.885s] Level 1:colcon.colcon_core.environment:create_environment_scripts_only(spatial_detector)
[3.885s] INFO:colcon.colcon_core.shell:Creating package script '/home/dev_computer/Desktop/robot_arm_ws/install/spatial_detector/share/spatial_detector/package.ps1'
[3.886s] INFO:colcon.colcon_core.shell:Creating package descriptor '/home/dev_computer/Desktop/robot_arm_ws/install/spatial_detector/share/spatial_detector/package.dsv'
[3.887s] INFO:colcon.colcon_core.shell:Creating package script '/home/dev_computer/Desktop/robot_arm_ws/install/spatial_detector/share/spatial_detector/package.sh'
[3.887s] INFO:colcon.colcon_core.shell:Creating package script '/home/dev_computer/Desktop/robot_arm_ws/install/spatial_detector/share/spatial_detector/package.bash'
[3.888s] INFO:colcon.colcon_core.shell:Creating package script '/home/dev_computer/Desktop/robot_arm_ws/install/spatial_detector/share/spatial_detector/package.zsh'
[3.888s] Level 1:colcon.colcon_core.environment:create_file_with_runtime_dependencies(/home/dev_computer/Desktop/robot_arm_ws/install/spatial_detector/share/colcon-core/packages/spatial_detector)
[3.890s] Level 1:colcon.colcon_core.shell:create_environment_hook('detector', 'pythonpath_develop')
[3.890s] INFO:colcon.colcon_core.shell:Creating environment hook '/home/dev_computer/Desktop/robot_arm_ws/build/detector/share/detector/hook/pythonpath_develop.ps1'
[3.891s] DEBUG:colcon.colcon_core.event_handler.log_command:Invoked command in '/home/dev_computer/Desktop/robot_arm_ws/build/detector' returned '0': DEBUGINFOD_URLS=https://debuginfod.ubuntu.com PYTHONPATH=/home/dev_computer/Desktop/robot_arm_ws/build/detector/prefix_override:/usr/lib/python3/dist-packages/colcon_core/task/python/colcon_distutils_commands:/home/dev_computer/Desktop/robot_arm_ws/install/detector/lib/python3.12/site-packages:${PYTHONPATH} /usr/bin/python3 -W ignore:setup.py install is deprecated -W ignore:easy_install command is deprecated setup.py develop --editable --build-directory /home/dev_computer/Desktop/robot_arm_ws/build/detector/build --no-deps symlink_data
[3.891s] INFO:colcon.colcon_core.shell:Creating environment descriptor '/home/dev_computer/Desktop/robot_arm_ws/build/detector/share/detector/hook/pythonpath_develop.dsv'
[3.892s] INFO:colcon.colcon_core.shell:Creating environment hook '/home/dev_computer/Desktop/robot_arm_ws/build/detector/share/detector/hook/pythonpath_develop.sh'
[3.894s] Level 1:colcon.colcon_core.environment:checking '/home/dev_computer/Desktop/robot_arm_ws/install/detector' for CMake module files
[3.894s] Level 1:colcon.colcon_core.environment:checking '/home/dev_computer/Desktop/robot_arm_ws/install/detector' for CMake config files
[3.895s] Level 1:colcon.colcon_core.environment:checking '/home/dev_computer/Desktop/robot_arm_ws/install/detector/lib'
[3.895s] Level 1:colcon.colcon_core.environment:checking '/home/dev_computer/Desktop/robot_arm_ws/install/detector/bin'
[3.895s] Level 1:colcon.colcon_core.environment:checking '/home/dev_computer/Desktop/robot_arm_ws/install/detector/lib/pkgconfig/detector.pc'
[3.896s] Level 1:colcon.colcon_core.environment:checking '/home/dev_computer/Desktop/robot_arm_ws/install/detector/lib/python3.12/site-packages'
[3.896s] Level 1:colcon.colcon_core.shell:create_environment_hook('detector', 'pythonpath')
[3.897s] INFO:colcon.colcon_core.shell:Creating environment hook '/home/dev_computer/Desktop/robot_arm_ws/install/detector/share/detector/hook/pythonpath.ps1'
[3.898s] INFO:colcon.colcon_core.shell:Creating environment descriptor '/home/dev_computer/Desktop/robot_arm_ws/install/detector/share/detector/hook/pythonpath.dsv'
[3.898s] INFO:colcon.colcon_core.shell:Creating environment hook '/home/dev_computer/Desktop/robot_arm_ws/install/detector/share/detector/hook/pythonpath.sh'
[3.899s] Level 1:colcon.colcon_core.environment:checking '/home/dev_computer/Desktop/robot_arm_ws/install/detector/bin'
[3.900s] Level 1:colcon.colcon_core.environment:create_environment_scripts_only(detector)
[3.900s] INFO:colcon.colcon_core.shell:Creating package script '/home/dev_computer/Desktop/robot_arm_ws/install/detector/share/detector/package.ps1'
[3.901s] INFO:colcon.colcon_core.shell:Creating package descriptor '/home/dev_computer/Desktop/robot_arm_ws/install/detector/share/detector/package.dsv'
[3.902s] INFO:colcon.colcon_core.shell:Creating package script '/home/dev_computer/Desktop/robot_arm_ws/install/detector/share/detector/package.sh'
[3.902s] INFO:colcon.colcon_core.shell:Creating package script '/home/dev_computer/Desktop/robot_arm_ws/install/detector/share/detector/package.bash'
[3.903s] INFO:colcon.colcon_core.shell:Creating package script '/home/dev_computer/Desktop/robot_arm_ws/install/detector/share/detector/package.zsh'
[3.904s] Level 1:colcon.colcon_core.environment:create_file_with_runtime_dependencies(/home/dev_computer/Desktop/robot_arm_ws/install/detector/share/colcon-core/packages/detector)
[3.904s] DEBUG:colcon.colcon_parallel_executor.executor.parallel:closing loop
[3.905s] DEBUG:colcon.colcon_parallel_executor.executor.parallel:loop closed
[3.905s] DEBUG:colcon.colcon_parallel_executor.executor.parallel:run_until_complete finished with '0'
[3.905s] DEBUG:colcon.colcon_core.event_reactor:joining thread
[3.915s] INFO:colcon.colcon_core.plugin_system:Skipping extension 'colcon_notification.desktop_notification.terminal_notifier': Not used on non-Darwin systems
[3.915s] INFO:colcon.colcon_core.plugin_system:Skipping extension 'colcon_notification.desktop_notification.win32': Not used on non-Windows systems
[3.915s] INFO:colcon.colcon_notification.desktop_notification:Sending desktop notification using 'notify2'
[3.938s] DEBUG:colcon.colcon_core.event_reactor:joined thread
[3.938s] INFO:colcon.colcon_core.shell:Creating prefix script '/home/dev_computer/Desktop/robot_arm_ws/install/local_setup.ps1'
[3.940s] INFO:colcon.colcon_core.shell:Creating prefix util module '/home/dev_computer/Desktop/robot_arm_ws/install/_local_setup_util_ps1.py'
[3.944s] INFO:colcon.colcon_core.shell:Creating prefix chain script '/home/dev_computer/Desktop/robot_arm_ws/install/setup.ps1'
[3.948s] INFO:colcon.colcon_core.shell:Creating prefix script '/home/dev_computer/Desktop/robot_arm_ws/install/local_setup.sh'
[3.950s] INFO:colcon.colcon_core.shell:Creating prefix util module '/home/dev_computer/Desktop/robot_arm_ws/install/_local_setup_util_sh.py'
[3.951s] INFO:colcon.colcon_core.shell:Creating prefix chain script '/home/dev_computer/Desktop/robot_arm_ws/install/setup.sh'
[3.954s] INFO:colcon.colcon_core.shell:Creating prefix script '/home/dev_computer/Desktop/robot_arm_ws/install/local_setup.bash'
[3.955s] INFO:colcon.colcon_core.shell:Creating prefix chain script '/home/dev_computer/Desktop/robot_arm_ws/install/setup.bash'
[3.957s] INFO:colcon.colcon_core.shell:Creating prefix script '/home/dev_computer/Desktop/robot_arm_ws/install/local_setup.zsh'
[3.957s] INFO:colcon.colcon_core.shell:Creating prefix chain script '/home/dev_computer/Desktop/robot_arm_ws/install/setup.zsh'
