[0.104s] DEBUG:colcon:Command line arguments: ['/usr/bin/colcon', 'build', '--symlink-install']
[0.104s] DEBUG:colcon:Parsed command line arguments: Namespace(log_base=None, log_level=None, verb_name='build', build_base='build', install_base='install', merge_install=False, symlink_install=True, test_result_base=None, continue_on_error=False, executor='parallel', parallel_workers=8, event_handlers=None, ignore_user_meta=False, metas=['./colcon.meta'], base_paths=['.'], packages_ignore=None, packages_ignore_regex=None, paths=None, packages_up_to=None, packages_up_to_regex=None, packages_above=None, packages_above_and_dependencies=None, packages_above_depth=None, packages_select_by_dep=None, packages_skip_by_dep=None, packages_skip_up_to=None, packages_select_build_failed=False, packages_skip_build_finished=False, packages_select_test_failures=False, packages_skip_test_passed=False, packages_select=None, packages_skip=None, packages_select_regex=None, packages_skip_regex=None, packages_start=None, packages_end=None, allow_overriding=[], cmake_args=None, cmake_target=None, cmake_target_skip_unavailable=False, cmake_clean_cache=False, cmake_clean_first=False, cmake_force_configure=False, ament_cmake_args=None, catkin_cmake_args=None, catkin_skip_building_tests=False, mixin_files=None, mixin=None, verb_parser=<colcon_mixin.mixin.mixin_argument.MixinArgumentDecorator object at 0x790cfa5955b0>, verb_extension=<colcon_core.verb.build.BuildVerb object at 0x790cfa5173b0>, main=<bound method BuildVerb.main of <colcon_core.verb.build.BuildVerb object at 0x790cfa5173b0>>, mixin_verb=('build',))
[0.138s] Level 1:colcon.colcon_core.package_discovery:discover_packages(colcon_meta) check parameters
[0.138s] Level 1:colcon.colcon_core.package_discovery:discover_packages(recursive) check parameters
[0.138s] Level 1:colcon.colcon_core.package_discovery:discover_packages(ignore) check parameters
[0.138s] Level 1:colcon.colcon_core.package_discovery:discover_packages(path) check parameters
[0.138s] Level 1:colcon.colcon_core.package_discovery:discover_packages(colcon_meta) discover
[0.138s] Level 1:colcon.colcon_core.package_discovery:discover_packages(recursive) discover
[0.138s] INFO:colcon.colcon_core.package_discovery:Crawling recursively for packages in '/home/dev_computer/Desktop/robot_arm_ws'
[0.138s] Level 1:colcon.colcon_core.package_identification:_identify(.) by extensions ['ignore', 'ignore_ament_install']
[0.139s] Level 1:colcon.colcon_core.package_identification:_identify(.) by extension 'ignore'
[0.139s] Level 1:colcon.colcon_core.package_identification:_identify(.) by extension 'ignore_ament_install'
[0.139s] Level 1:colcon.colcon_core.package_identification:_identify(.) by extensions ['colcon_pkg']
[0.139s] Level 1:colcon.colcon_core.package_identification:_identify(.) by extension 'colcon_pkg'
[0.139s] Level 1:colcon.colcon_core.package_identification:_identify(.) by extensions ['colcon_meta']
[0.139s] Level 1:colcon.colcon_core.package_identification:_identify(.) by extension 'colcon_meta'
[0.139s] Level 1:colcon.colcon_core.package_identification:_identify(.) by extensions ['ros']
[0.139s] Level 1:colcon.colcon_core.package_identification:_identify(.) by extension 'ros'
[0.163s] Level 1:colcon.colcon_core.package_identification:_identify(.) by extensions ['cmake', 'python']
[0.163s] Level 1:colcon.colcon_core.package_identification:_identify(.) by extension 'cmake'
[0.163s] Level 1:colcon.colcon_core.package_identification:_identify(.) by extension 'python'
[0.163s] Level 1:colcon.colcon_core.package_identification:_identify(.) by extensions ['python_setup_py']
[0.163s] Level 1:colcon.colcon_core.package_identification:_identify(.) by extension 'python_setup_py'
[0.163s] Level 1:colcon.colcon_core.package_identification:_identify(build) by extensions ['ignore', 'ignore_ament_install']
[0.163s] Level 1:colcon.colcon_core.package_identification:_identify(build) by extension 'ignore'
[0.163s] Level 1:colcon.colcon_core.package_identification:_identify(build) ignored
[0.163s] Level 1:colcon.colcon_core.package_identification:_identify(install) by extensions ['ignore', 'ignore_ament_install']
[0.163s] Level 1:colcon.colcon_core.package_identification:_identify(install) by extension 'ignore'
[0.163s] Level 1:colcon.colcon_core.package_identification:_identify(install) ignored
[0.163s] Level 1:colcon.colcon_core.package_identification:_identify(log) by extensions ['ignore', 'ignore_ament_install']
[0.163s] Level 1:colcon.colcon_core.package_identification:_identify(log) by extension 'ignore'
[0.164s] Level 1:colcon.colcon_core.package_identification:_identify(log) ignored
[0.164s] Level 1:colcon.colcon_core.package_identification:_identify(src) by extensions ['ignore', 'ignore_ament_install']
[0.164s] Level 1:colcon.colcon_core.package_identification:_identify(src) by extension 'ignore'
[0.164s] Level 1:colcon.colcon_core.package_identification:_identify(src) by extension 'ignore_ament_install'
[0.164s] Level 1:colcon.colcon_core.package_identification:_identify(src) by extensions ['colcon_pkg']
[0.164s] Level 1:colcon.colcon_core.package_identification:_identify(src) by extension 'colcon_pkg'
[0.164s] Level 1:colcon.colcon_core.package_identification:_identify(src) by extensions ['colcon_meta']
[0.164s] Level 1:colcon.colcon_core.package_identification:_identify(src) by extension 'colcon_meta'
[0.164s] Level 1:colcon.colcon_core.package_identification:_identify(src) by extensions ['ros']
[0.164s] Level 1:colcon.colcon_core.package_identification:_identify(src) by extension 'ros'
[0.164s] Level 1:colcon.colcon_core.package_identification:_identify(src) by extensions ['cmake', 'python']
[0.164s] Level 1:colcon.colcon_core.package_identification:_identify(src) by extension 'cmake'
[0.164s] Level 1:colcon.colcon_core.package_identification:_identify(src) by extension 'python'
[0.164s] Level 1:colcon.colcon_core.package_identification:_identify(src) by extensions ['python_setup_py']
[0.164s] Level 1:colcon.colcon_core.package_identification:_identify(src) by extension 'python_setup_py'
[0.164s] Level 1:colcon.colcon_core.package_identification:_identify(src/controller_joint_test) by extensions ['ignore', 'ignore_ament_install']
[0.164s] Level 1:colcon.colcon_core.package_identification:_identify(src/controller_joint_test) by extension 'ignore'
[0.164s] Level 1:colcon.colcon_core.package_identification:_identify(src/controller_joint_test) by extension 'ignore_ament_install'
[0.164s] Level 1:colcon.colcon_core.package_identification:_identify(src/controller_joint_test) by extensions ['colcon_pkg']
[0.164s] Level 1:colcon.colcon_core.package_identification:_identify(src/controller_joint_test) by extension 'colcon_pkg'
[0.164s] Level 1:colcon.colcon_core.package_identification:_identify(src/controller_joint_test) by extensions ['colcon_meta']
[0.164s] Level 1:colcon.colcon_core.package_identification:_identify(src/controller_joint_test) by extension 'colcon_meta'
[0.164s] Level 1:colcon.colcon_core.package_identification:_identify(src/controller_joint_test) by extensions ['ros']
[0.165s] Level 1:colcon.colcon_core.package_identification:_identify(src/controller_joint_test) by extension 'ros'
[0.167s] DEBUG:colcon.colcon_core.package_identification:Package 'src/controller_joint_test' with type 'ros.ament_python' and name 'controller_joint_test'
[0.167s] Level 1:colcon.colcon_core.package_identification:_identify(src/detector) by extensions ['ignore', 'ignore_ament_install']
[0.167s] Level 1:colcon.colcon_core.package_identification:_identify(src/detector) by extension 'ignore'
[0.167s] Level 1:colcon.colcon_core.package_identification:_identify(src/detector) by extension 'ignore_ament_install'
[0.167s] Level 1:colcon.colcon_core.package_identification:_identify(src/detector) by extensions ['colcon_pkg']
[0.167s] Level 1:colcon.colcon_core.package_identification:_identify(src/detector) by extension 'colcon_pkg'
[0.167s] Level 1:colcon.colcon_core.package_identification:_identify(src/detector) by extensions ['colcon_meta']
[0.167s] Level 1:colcon.colcon_core.package_identification:_identify(src/detector) by extension 'colcon_meta'
[0.167s] Level 1:colcon.colcon_core.package_identification:_identify(src/detector) by extensions ['ros']
[0.167s] Level 1:colcon.colcon_core.package_identification:_identify(src/detector) by extension 'ros'
[0.168s] DEBUG:colcon.colcon_core.package_identification:Package 'src/detector' with type 'ros.ament_python' and name 'detector'
[0.168s] Level 1:colcon.colcon_core.package_identification:_identify(src/detector_subscriber) by extensions ['ignore', 'ignore_ament_install']
[0.168s] Level 1:colcon.colcon_core.package_identification:_identify(src/detector_subscriber) by extension 'ignore'
[0.168s] Level 1:colcon.colcon_core.package_identification:_identify(src/detector_subscriber) by extension 'ignore_ament_install'
[0.168s] Level 1:colcon.colcon_core.package_identification:_identify(src/detector_subscriber) by extensions ['colcon_pkg']
[0.168s] Level 1:colcon.colcon_core.package_identification:_identify(src/detector_subscriber) by extension 'colcon_pkg'
[0.168s] Level 1:colcon.colcon_core.package_identification:_identify(src/detector_subscriber) by extensions ['colcon_meta']
[0.168s] Level 1:colcon.colcon_core.package_identification:_identify(src/detector_subscriber) by extension 'colcon_meta'
[0.168s] Level 1:colcon.colcon_core.package_identification:_identify(src/detector_subscriber) by extensions ['ros']
[0.168s] Level 1:colcon.colcon_core.package_identification:_identify(src/detector_subscriber) by extension 'ros'
[0.169s] DEBUG:colcon.colcon_core.package_identification:Package 'src/detector_subscriber' with type 'ros.ament_python' and name 'detector_subscriber'
[0.169s] Level 1:colcon.colcon_core.package_identification:_identify(src/robot_arm_description) by extensions ['ignore', 'ignore_ament_install']
[0.169s] Level 1:colcon.colcon_core.package_identification:_identify(src/robot_arm_description) by extension 'ignore'
[0.169s] Level 1:colcon.colcon_core.package_identification:_identify(src/robot_arm_description) by extension 'ignore_ament_install'
[0.169s] Level 1:colcon.colcon_core.package_identification:_identify(src/robot_arm_description) by extensions ['colcon_pkg']
[0.169s] Level 1:colcon.colcon_core.package_identification:_identify(src/robot_arm_description) by extension 'colcon_pkg'
[0.169s] Level 1:colcon.colcon_core.package_identification:_identify(src/robot_arm_description) by extensions ['colcon_meta']
[0.169s] Level 1:colcon.colcon_core.package_identification:_identify(src/robot_arm_description) by extension 'colcon_meta'
[0.169s] Level 1:colcon.colcon_core.package_identification:_identify(src/robot_arm_description) by extensions ['ros']
[0.169s] Level 1:colcon.colcon_core.package_identification:_identify(src/robot_arm_description) by extension 'ros'
[0.170s] DEBUG:colcon.colcon_core.package_identification:Package 'src/robot_arm_description' with type 'ros.ament_cmake' and name 'robot_arm_description'
[0.170s] Level 1:colcon.colcon_core.package_identification:_identify(src/spatial_detector) by extensions ['ignore', 'ignore_ament_install']
[0.170s] Level 1:colcon.colcon_core.package_identification:_identify(src/spatial_detector) by extension 'ignore'
[0.170s] Level 1:colcon.colcon_core.package_identification:_identify(src/spatial_detector) by extension 'ignore_ament_install'
[0.170s] Level 1:colcon.colcon_core.package_identification:_identify(src/spatial_detector) by extensions ['colcon_pkg']
[0.170s] Level 1:colcon.colcon_core.package_identification:_identify(src/spatial_detector) by extension 'colcon_pkg'
[0.170s] Level 1:colcon.colcon_core.package_identification:_identify(src/spatial_detector) by extensions ['colcon_meta']
[0.170s] Level 1:colcon.colcon_core.package_identification:_identify(src/spatial_detector) by extension 'colcon_meta'
[0.170s] Level 1:colcon.colcon_core.package_identification:_identify(src/spatial_detector) by extensions ['ros']
[0.170s] Level 1:colcon.colcon_core.package_identification:_identify(src/spatial_detector) by extension 'ros'
[0.171s] DEBUG:colcon.colcon_core.package_identification:Package 'src/spatial_detector' with type 'ros.ament_python' and name 'spatial_detector'
[0.171s] Level 1:colcon.colcon_core.package_discovery:discover_packages(recursive) using defaults
[0.171s] Level 1:colcon.colcon_core.package_discovery:discover_packages(ignore) discover
[0.171s] Level 1:colcon.colcon_core.package_discovery:discover_packages(ignore) using defaults
[0.171s] Level 1:colcon.colcon_core.package_discovery:discover_packages(path) discover
[0.171s] Level 1:colcon.colcon_core.package_discovery:discover_packages(path) using defaults
[0.188s] Level 1:colcon.colcon_core.package_discovery:discover_packages(prefix_path) check parameters
[0.189s] Level 1:colcon.colcon_core.package_discovery:discover_packages(prefix_path) discover
[0.191s] DEBUG:colcon.colcon_installed_package_information.package_discovery:Found 470 installed packages in /opt/ros/jazzy
[0.193s] Level 1:colcon.colcon_core.package_discovery:discover_packages(prefix_path) using defaults
[0.253s] Level 5:colcon.colcon_core.verb:set package 'controller_joint_test' build argument 'cmake_args' from command line to 'None'
[0.253s] Level 5:colcon.colcon_core.verb:set package 'controller_joint_test' build argument 'cmake_target' from command line to 'None'
[0.253s] Level 5:colcon.colcon_core.verb:set package 'controller_joint_test' build argument 'cmake_target_skip_unavailable' from command line to 'False'
[0.254s] Level 5:colcon.colcon_core.verb:set package 'controller_joint_test' build argument 'cmake_clean_cache' from command line to 'False'
[0.254s] Level 5:colcon.colcon_core.verb:set package 'controller_joint_test' build argument 'cmake_clean_first' from command line to 'False'
[0.254s] Level 5:colcon.colcon_core.verb:set package 'controller_joint_test' build argument 'cmake_force_configure' from command line to 'False'
[0.254s] Level 5:colcon.colcon_core.verb:set package 'controller_joint_test' build argument 'ament_cmake_args' from command line to 'None'
[0.254s] Level 5:colcon.colcon_core.verb:set package 'controller_joint_test' build argument 'catkin_cmake_args' from command line to 'None'
[0.254s] Level 5:colcon.colcon_core.verb:set package 'controller_joint_test' build argument 'catkin_skip_building_tests' from command line to 'False'
[0.254s] DEBUG:colcon.colcon_core.verb:Building package 'controller_joint_test' with the following arguments: {'ament_cmake_args': None, 'build_base': '/home/dev_computer/Desktop/robot_arm_ws/build/controller_joint_test', 'catkin_cmake_args': None, 'catkin_skip_building_tests': False, 'cmake_args': None, 'cmake_clean_cache': False, 'cmake_clean_first': False, 'cmake_force_configure': False, 'cmake_target': None, 'cmake_target_skip_unavailable': False, 'install_base': '/home/dev_computer/Desktop/robot_arm_ws/install/controller_joint_test', 'merge_install': False, 'path': '/home/dev_computer/Desktop/robot_arm_ws/src/controller_joint_test', 'symlink_install': True, 'test_result_base': None}
[0.254s] Level 5:colcon.colcon_core.verb:set package 'detector' build argument 'cmake_args' from command line to 'None'
[0.254s] Level 5:colcon.colcon_core.verb:set package 'detector' build argument 'cmake_target' from command line to 'None'
[0.254s] Level 5:colcon.colcon_core.verb:set package 'detector' build argument 'cmake_target_skip_unavailable' from command line to 'False'
[0.254s] Level 5:colcon.colcon_core.verb:set package 'detector' build argument 'cmake_clean_cache' from command line to 'False'
[0.254s] Level 5:colcon.colcon_core.verb:set package 'detector' build argument 'cmake_clean_first' from command line to 'False'
[0.254s] Level 5:colcon.colcon_core.verb:set package 'detector' build argument 'cmake_force_configure' from command line to 'False'
[0.254s] Level 5:colcon.colcon_core.verb:set package 'detector' build argument 'ament_cmake_args' from command line to 'None'
[0.254s] Level 5:colcon.colcon_core.verb:set package 'detector' build argument 'catkin_cmake_args' from command line to 'None'
[0.254s] Level 5:colcon.colcon_core.verb:set package 'detector' build argument 'catkin_skip_building_tests' from command line to 'False'
[0.254s] DEBUG:colcon.colcon_core.verb:Building package 'detector' with the following arguments: {'ament_cmake_args': None, 'build_base': '/home/dev_computer/Desktop/robot_arm_ws/build/detector', 'catkin_cmake_args': None, 'catkin_skip_building_tests': False, 'cmake_args': None, 'cmake_clean_cache': False, 'cmake_clean_first': False, 'cmake_force_configure': False, 'cmake_target': None, 'cmake_target_skip_unavailable': False, 'install_base': '/home/dev_computer/Desktop/robot_arm_ws/install/detector', 'merge_install': False, 'path': '/home/dev_computer/Desktop/robot_arm_ws/src/detector', 'symlink_install': True, 'test_result_base': None}
[0.254s] Level 5:colcon.colcon_core.verb:set package 'detector_subscriber' build argument 'cmake_args' from command line to 'None'
[0.254s] Level 5:colcon.colcon_core.verb:set package 'detector_subscriber' build argument 'cmake_target' from command line to 'None'
[0.254s] Level 5:colcon.colcon_core.verb:set package 'detector_subscriber' build argument 'cmake_target_skip_unavailable' from command line to 'False'
[0.254s] Level 5:colcon.colcon_core.verb:set package 'detector_subscriber' build argument 'cmake_clean_cache' from command line to 'False'
[0.254s] Level 5:colcon.colcon_core.verb:set package 'detector_subscriber' build argument 'cmake_clean_first' from command line to 'False'
[0.254s] Level 5:colcon.colcon_core.verb:set package 'detector_subscriber' build argument 'cmake_force_configure' from command line to 'False'
[0.254s] Level 5:colcon.colcon_core.verb:set package 'detector_subscriber' build argument 'ament_cmake_args' from command line to 'None'
[0.255s] Level 5:colcon.colcon_core.verb:set package 'detector_subscriber' build argument 'catkin_cmake_args' from command line to 'None'
[0.255s] Level 5:colcon.colcon_core.verb:set package 'detector_subscriber' build argument 'catkin_skip_building_tests' from command line to 'False'
[0.255s] DEBUG:colcon.colcon_core.verb:Building package 'detector_subscriber' with the following arguments: {'ament_cmake_args': None, 'build_base': '/home/dev_computer/Desktop/robot_arm_ws/build/detector_subscriber', 'catkin_cmake_args': None, 'catkin_skip_building_tests': False, 'cmake_args': None, 'cmake_clean_cache': False, 'cmake_clean_first': False, 'cmake_force_configure': False, 'cmake_target': None, 'cmake_target_skip_unavailable': False, 'install_base': '/home/dev_computer/Desktop/robot_arm_ws/install/detector_subscriber', 'merge_install': False, 'path': '/home/dev_computer/Desktop/robot_arm_ws/src/detector_subscriber', 'symlink_install': True, 'test_result_base': None}
[0.255s] Level 5:colcon.colcon_core.verb:set package 'robot_arm_description' build argument 'cmake_args' from command line to 'None'
[0.255s] Level 5:colcon.colcon_core.verb:set package 'robot_arm_description' build argument 'cmake_target' from command line to 'None'
[0.255s] Level 5:colcon.colcon_core.verb:set package 'robot_arm_description' build argument 'cmake_target_skip_unavailable' from command line to 'False'
[0.255s] Level 5:colcon.colcon_core.verb:set package 'robot_arm_description' build argument 'cmake_clean_cache' from command line to 'False'
[0.255s] Level 5:colcon.colcon_core.verb:set package 'robot_arm_description' build argument 'cmake_clean_first' from command line to 'False'
[0.255s] Level 5:colcon.colcon_core.verb:set package 'robot_arm_description' build argument 'cmake_force_configure' from command line to 'False'
[0.255s] Level 5:colcon.colcon_core.verb:set package 'robot_arm_description' build argument 'ament_cmake_args' from command line to 'None'
[0.255s] Level 5:colcon.colcon_core.verb:set package 'robot_arm_description' build argument 'catkin_cmake_args' from command line to 'None'
[0.255s] Level 5:colcon.colcon_core.verb:set package 'robot_arm_description' build argument 'catkin_skip_building_tests' from command line to 'False'
[0.255s] DEBUG:colcon.colcon_core.verb:Building package 'robot_arm_description' with the following arguments: {'ament_cmake_args': None, 'build_base': '/home/dev_computer/Desktop/robot_arm_ws/build/robot_arm_description', 'catkin_cmake_args': None, 'catkin_skip_building_tests': False, 'cmake_args': None, 'cmake_clean_cache': False, 'cmake_clean_first': False, 'cmake_force_configure': False, 'cmake_target': None, 'cmake_target_skip_unavailable': False, 'install_base': '/home/dev_computer/Desktop/robot_arm_ws/install/robot_arm_description', 'merge_install': False, 'path': '/home/dev_computer/Desktop/robot_arm_ws/src/robot_arm_description', 'symlink_install': True, 'test_result_base': None}
[0.255s] Level 5:colcon.colcon_core.verb:set package 'spatial_detector' build argument 'cmake_args' from command line to 'None'
[0.255s] Level 5:colcon.colcon_core.verb:set package 'spatial_detector' build argument 'cmake_target' from command line to 'None'
[0.255s] Level 5:colcon.colcon_core.verb:set package 'spatial_detector' build argument 'cmake_target_skip_unavailable' from command line to 'False'
[0.255s] Level 5:colcon.colcon_core.verb:set package 'spatial_detector' build argument 'cmake_clean_cache' from command line to 'False'
[0.255s] Level 5:colcon.colcon_core.verb:set package 'spatial_detector' build argument 'cmake_clean_first' from command line to 'False'
[0.255s] Level 5:colcon.colcon_core.verb:set package 'spatial_detector' build argument 'cmake_force_configure' from command line to 'False'
[0.255s] Level 5:colcon.colcon_core.verb:set package 'spatial_detector' build argument 'ament_cmake_args' from command line to 'None'
[0.255s] Level 5:colcon.colcon_core.verb:set package 'spatial_detector' build argument 'catkin_cmake_args' from command line to 'None'
[0.255s] Level 5:colcon.colcon_core.verb:set package 'spatial_detector' build argument 'catkin_skip_building_tests' from command line to 'False'
[0.255s] DEBUG:colcon.colcon_core.verb:Building package 'spatial_detector' with the following arguments: {'ament_cmake_args': None, 'build_base': '/home/dev_computer/Desktop/robot_arm_ws/build/spatial_detector', 'catkin_cmake_args': None, 'catkin_skip_building_tests': False, 'cmake_args': None, 'cmake_clean_cache': False, 'cmake_clean_first': False, 'cmake_force_configure': False, 'cmake_target': None, 'cmake_target_skip_unavailable': False, 'install_base': '/home/dev_computer/Desktop/robot_arm_ws/install/spatial_detector', 'merge_install': False, 'path': '/home/dev_computer/Desktop/robot_arm_ws/src/spatial_detector', 'symlink_install': True, 'test_result_base': None}
[0.255s] INFO:colcon.colcon_core.executor:Executing jobs using 'parallel' executor
[0.256s] DEBUG:colcon.colcon_parallel_executor.executor.parallel:run_until_complete
[0.257s] INFO:colcon.colcon_ros.task.ament_python.build:Building ROS package in '/home/dev_computer/Desktop/robot_arm_ws/src/controller_joint_test' with build type 'ament_python'
[0.257s] Level 1:colcon.colcon_core.shell:create_environment_hook('controller_joint_test', 'ament_prefix_path')
[0.259s] INFO:colcon.colcon_core.plugin_system:Skipping extension 'colcon_core.shell.bat': Not used on non-Windows systems
[0.259s] INFO:colcon.colcon_core.shell:Creating environment hook '/home/dev_computer/Desktop/robot_arm_ws/install/controller_joint_test/share/controller_joint_test/hook/ament_prefix_path.ps1'
[0.260s] INFO:colcon.colcon_core.shell:Creating environment descriptor '/home/dev_computer/Desktop/robot_arm_ws/install/controller_joint_test/share/controller_joint_test/hook/ament_prefix_path.dsv'
[0.260s] INFO:colcon.colcon_core.shell:Creating environment hook '/home/dev_computer/Desktop/robot_arm_ws/install/controller_joint_test/share/controller_joint_test/hook/ament_prefix_path.sh'
[0.261s] INFO:colcon.colcon_core.shell:Skip shell extension 'powershell' for command environment: Not usable outside of PowerShell
[0.261s] DEBUG:colcon.colcon_core.shell:Skip shell extension 'dsv' for command environment
[0.265s] INFO:colcon.colcon_ros.task.ament_python.build:Building ROS package in '/home/dev_computer/Desktop/robot_arm_ws/src/detector' with build type 'ament_python'
[0.265s] Level 1:colcon.colcon_core.shell:create_environment_hook('detector', 'ament_prefix_path')
[0.265s] INFO:colcon.colcon_core.shell:Creating environment hook '/home/dev_computer/Desktop/robot_arm_ws/install/detector/share/detector/hook/ament_prefix_path.ps1'
[0.265s] INFO:colcon.colcon_core.shell:Creating environment descriptor '/home/dev_computer/Desktop/robot_arm_ws/install/detector/share/detector/hook/ament_prefix_path.dsv'
[0.266s] INFO:colcon.colcon_core.shell:Creating environment hook '/home/dev_computer/Desktop/robot_arm_ws/install/detector/share/detector/hook/ament_prefix_path.sh'
[0.266s] INFO:colcon.colcon_core.shell:Skip shell extension 'powershell' for command environment: Not usable outside of PowerShell
[0.266s] DEBUG:colcon.colcon_core.shell:Skip shell extension 'dsv' for command environment
[0.269s] INFO:colcon.colcon_ros.task.ament_python.build:Building ROS package in '/home/dev_computer/Desktop/robot_arm_ws/src/detector_subscriber' with build type 'ament_python'
[0.269s] Level 1:colcon.colcon_core.shell:create_environment_hook('detector_subscriber', 'ament_prefix_path')
[0.269s] INFO:colcon.colcon_core.shell:Creating environment hook '/home/dev_computer/Desktop/robot_arm_ws/install/detector_subscriber/share/detector_subscriber/hook/ament_prefix_path.ps1'
[0.270s] INFO:colcon.colcon_core.shell:Creating environment descriptor '/home/dev_computer/Desktop/robot_arm_ws/install/detector_subscriber/share/detector_subscriber/hook/ament_prefix_path.dsv'
[0.270s] INFO:colcon.colcon_core.shell:Creating environment hook '/home/dev_computer/Desktop/robot_arm_ws/install/detector_subscriber/share/detector_subscriber/hook/ament_prefix_path.sh'
[0.271s] INFO:colcon.colcon_core.shell:Skip shell extension 'powershell' for command environment: Not usable outside of PowerShell
[0.271s] DEBUG:colcon.colcon_core.shell:Skip shell extension 'dsv' for command environment
[0.273s] INFO:colcon.colcon_ros.task.ament_cmake.build:Building ROS package in '/home/dev_computer/Desktop/robot_arm_ws/src/robot_arm_description' with build type 'ament_cmake'
[0.274s] INFO:colcon.colcon_cmake.task.cmake.build:Building CMake package in '/home/dev_computer/Desktop/robot_arm_ws/src/robot_arm_description'
[0.274s] INFO:colcon.colcon_core.shell:Skip shell extension 'powershell' for command environment: Not usable outside of PowerShell
[0.274s] DEBUG:colcon.colcon_core.shell:Skip shell extension 'dsv' for command environment
[0.278s] INFO:colcon.colcon_ros.task.ament_python.build:Building ROS package in '/home/dev_computer/Desktop/robot_arm_ws/src/spatial_detector' with build type 'ament_python'
[0.278s] Level 1:colcon.colcon_core.shell:create_environment_hook('spatial_detector', 'ament_prefix_path')
[0.279s] INFO:colcon.colcon_core.shell:Creating environment hook '/home/dev_computer/Desktop/robot_arm_ws/install/spatial_detector/share/spatial_detector/hook/ament_prefix_path.ps1'
[0.280s] INFO:colcon.colcon_core.shell:Creating environment descriptor '/home/dev_computer/Desktop/robot_arm_ws/install/spatial_detector/share/spatial_detector/hook/ament_prefix_path.dsv'
[0.280s] INFO:colcon.colcon_core.shell:Creating environment hook '/home/dev_computer/Desktop/robot_arm_ws/install/spatial_detector/share/spatial_detector/hook/ament_prefix_path.sh'
[0.281s] INFO:colcon.colcon_core.shell:Skip shell extension 'powershell' for command environment: Not usable outside of PowerShell
[0.281s] DEBUG:colcon.colcon_core.shell:Skip shell extension 'dsv' for command environment
[0.498s] INFO:colcon.colcon_core.task.python.build:Building Python package in '/home/dev_computer/Desktop/robot_arm_ws/src/controller_joint_test'
[0.498s] INFO:colcon.colcon_core.shell:Skip shell extension 'powershell' for command environment: Not usable outside of PowerShell
[0.498s] DEBUG:colcon.colcon_core.shell:Skip shell extension 'dsv' for command environment
[0.723s] INFO:colcon.colcon_core.task.python.build:Building Python package in '/home/dev_computer/Desktop/robot_arm_ws/src/detector'
[0.724s] INFO:colcon.colcon_core.shell:Skip shell extension 'powershell' for command environment: Not usable outside of PowerShell
[0.724s] DEBUG:colcon.colcon_core.shell:Skip shell extension 'dsv' for command environment
[0.935s] INFO:colcon.colcon_core.task.python.build:Building Python package in '/home/dev_computer/Desktop/robot_arm_ws/src/detector_subscriber'
[0.935s] INFO:colcon.colcon_core.shell:Skip shell extension 'powershell' for command environment: Not usable outside of PowerShell
[0.935s] DEBUG:colcon.colcon_core.shell:Skip shell extension 'dsv' for command environment
[0.940s] DEBUG:colcon.colcon_core.event_handler.log_command:Invoking command in '/home/dev_computer/Desktop/robot_arm_ws/build/robot_arm_description': CMAKE_PREFIX_PATH=${CMAKE_PREFIX_PATH}:/opt/ros/jazzy DEBUGINFOD_URLS=https://debuginfod.ubuntu.com /usr/bin/cmake /home/dev_computer/Desktop/robot_arm_ws/src/robot_arm_description -DAMENT_CMAKE_SYMLINK_INSTALL=1 -DCMAKE_INSTALL_PREFIX=/home/dev_computer/Desktop/robot_arm_ws/install/robot_arm_description
[1.175s] INFO:colcon.colcon_core.task.python.build:Building Python package in '/home/dev_computer/Desktop/robot_arm_ws/src/spatial_detector'
[1.176s] INFO:colcon.colcon_core.shell:Skip shell extension 'powershell' for command environment: Not usable outside of PowerShell
[1.176s] DEBUG:colcon.colcon_core.shell:Skip shell extension 'dsv' for command environment
[1.753s] DEBUG:colcon.colcon_core.event_handler.log_command:Invoked command in '/home/dev_computer/Desktop/robot_arm_ws/build/robot_arm_description' returned '0': CMAKE_PREFIX_PATH=${CMAKE_PREFIX_PATH}:/opt/ros/jazzy DEBUGINFOD_URLS=https://debuginfod.ubuntu.com /usr/bin/cmake /home/dev_computer/Desktop/robot_arm_ws/src/robot_arm_description -DAMENT_CMAKE_SYMLINK_INSTALL=1 -DCMAKE_INSTALL_PREFIX=/home/dev_computer/Desktop/robot_arm_ws/install/robot_arm_description
[1.754s] DEBUG:colcon.colcon_core.event_handler.log_command:Invoking command in '/home/dev_computer/Desktop/robot_arm_ws/build/robot_arm_description': CMAKE_PREFIX_PATH=${CMAKE_PREFIX_PATH}:/opt/ros/jazzy DEBUGINFOD_URLS=https://debuginfod.ubuntu.com /usr/bin/cmake --build /home/dev_computer/Desktop/robot_arm_ws/build/robot_arm_description -- -j8 -l8
[1.792s] DEBUG:colcon.colcon_core.event_handler.log_command:Invoked command in '/home/dev_computer/Desktop/robot_arm_ws/build/robot_arm_description' returned '0': CMAKE_PREFIX_PATH=${CMAKE_PREFIX_PATH}:/opt/ros/jazzy DEBUGINFOD_URLS=https://debuginfod.ubuntu.com /usr/bin/cmake --build /home/dev_computer/Desktop/robot_arm_ws/build/robot_arm_description -- -j8 -l8
[1.803s] DEBUG:colcon.colcon_core.event_handler.log_command:Invoking command in '/home/dev_computer/Desktop/robot_arm_ws/build/robot_arm_description': CMAKE_PREFIX_PATH=${CMAKE_PREFIX_PATH}:/opt/ros/jazzy DEBUGINFOD_URLS=https://debuginfod.ubuntu.com /usr/bin/cmake --install /home/dev_computer/Desktop/robot_arm_ws/build/robot_arm_description
[1.914s] DEBUG:colcon.colcon_core.event_handler.log_command:Invoking command in '/home/dev_computer/Desktop/robot_arm_ws/build/detector_subscriber': DEBUGINFOD_URLS=https://debuginfod.ubuntu.com PYTHONPATH=/home/dev_computer/Desktop/robot_arm_ws/build/detector_subscriber/prefix_override:/usr/lib/python3/dist-packages/colcon_core/task/python/colcon_distutils_commands:/home/dev_computer/Desktop/robot_arm_ws/install/detector_subscriber/lib/python3.12/site-packages:${PYTHONPATH} /usr/bin/python3 -W ignore:setup.py install is deprecated -W ignore:easy_install command is deprecated setup.py develop --editable --build-directory /home/dev_computer/Desktop/robot_arm_ws/build/detector_subscriber/build --no-deps symlink_data
[1.939s] DEBUG:colcon.colcon_core.event_handler.log_command:Invoking command in '/home/dev_computer/Desktop/robot_arm_ws/build/controller_joint_test': DEBUGINFOD_URLS=https://debuginfod.ubuntu.com PYTHONPATH=/home/dev_computer/Desktop/robot_arm_ws/build/controller_joint_test/prefix_override:/usr/lib/python3/dist-packages/colcon_core/task/python/colcon_distutils_commands:/home/dev_computer/Desktop/robot_arm_ws/install/controller_joint_test/lib/python3.12/site-packages:${PYTHONPATH} /usr/bin/python3 -W ignore:setup.py install is deprecated -W ignore:easy_install command is deprecated setup.py develop --editable --build-directory /home/dev_computer/Desktop/robot_arm_ws/build/controller_joint_test/build --no-deps symlink_data
[2.293s] DEBUG:colcon.colcon_core.event_handler.log_command:Invoking command in '/home/dev_computer/Desktop/robot_arm_ws/build/detector': DEBUGINFOD_URLS=https://debuginfod.ubuntu.com PYTHONPATH=/home/dev_computer/Desktop/robot_arm_ws/build/detector/prefix_override:/usr/lib/python3/dist-packages/colcon_core/task/python/colcon_distutils_commands:/home/dev_computer/Desktop/robot_arm_ws/install/detector/lib/python3.12/site-packages:${PYTHONPATH} /usr/bin/python3 -W ignore:setup.py install is deprecated -W ignore:easy_install command is deprecated setup.py develop --editable --build-directory /home/dev_computer/Desktop/robot_arm_ws/build/detector/build --no-deps symlink_data
[2.332s] DEBUG:colcon.colcon_core.event_handler.log_command:Invoking command in '/home/dev_computer/Desktop/robot_arm_ws/build/spatial_detector': DEBUGINFOD_URLS=https://debuginfod.ubuntu.com PYTHONPATH=/home/dev_computer/Desktop/robot_arm_ws/build/spatial_detector/prefix_override:/usr/lib/python3/dist-packages/colcon_core/task/python/colcon_distutils_commands:/home/dev_computer/Desktop/robot_arm_ws/install/spatial_detector/lib/python3.12/site-packages:${PYTHONPATH} /usr/bin/python3 -W ignore:setup.py install is deprecated -W ignore:easy_install command is deprecated setup.py develop --editable --build-directory /home/dev_computer/Desktop/robot_arm_ws/build/spatial_detector/build --no-deps symlink_data
[2.781s] Level 1:colcon.colcon_core.environment:create_environment_scripts_only(robot_arm_description)
[2.784s] DEBUG:colcon.colcon_core.event_handler.log_command:Invoked command in '/home/dev_computer/Desktop/robot_arm_ws/build/robot_arm_description' returned '0': CMAKE_PREFIX_PATH=${CMAKE_PREFIX_PATH}:/opt/ros/jazzy DEBUGINFOD_URLS=https://debuginfod.ubuntu.com /usr/bin/cmake --install /home/dev_computer/Desktop/robot_arm_ws/build/robot_arm_description
[2.787s] Level 1:colcon.colcon_core.environment:checking '/home/dev_computer/Desktop/robot_arm_ws/install/robot_arm_description' for CMake module files
[2.789s] Level 1:colcon.colcon_core.environment:checking '/home/dev_computer/Desktop/robot_arm_ws/install/robot_arm_description' for CMake config files
[2.791s] Level 1:colcon.colcon_core.shell:create_environment_hook('robot_arm_description', 'cmake_prefix_path')
[2.791s] INFO:colcon.colcon_core.shell:Creating environment hook '/home/dev_computer/Desktop/robot_arm_ws/install/robot_arm_description/share/robot_arm_description/hook/cmake_prefix_path.ps1'
[2.792s] INFO:colcon.colcon_core.shell:Creating environment descriptor '/home/dev_computer/Desktop/robot_arm_ws/install/robot_arm_description/share/robot_arm_description/hook/cmake_prefix_path.dsv'
[2.793s] INFO:colcon.colcon_core.shell:Creating environment hook '/home/dev_computer/Desktop/robot_arm_ws/install/robot_arm_description/share/robot_arm_description/hook/cmake_prefix_path.sh'
[2.795s] Level 1:colcon.colcon_core.environment:checking '/home/dev_computer/Desktop/robot_arm_ws/install/robot_arm_description/bin'
[2.795s] Level 1:colcon.colcon_core.environment:checking '/home/dev_computer/Desktop/robot_arm_ws/install/robot_arm_description/lib/pkgconfig/robot_arm_description.pc'
[2.796s] Level 1:colcon.colcon_core.environment:checking '/home/dev_computer/Desktop/robot_arm_ws/install/robot_arm_description/lib/python3.12/site-packages'
[2.797s] Level 1:colcon.colcon_core.environment:checking '/home/dev_computer/Desktop/robot_arm_ws/install/robot_arm_description/bin'
[2.797s] INFO:colcon.colcon_core.shell:Creating package script '/home/dev_computer/Desktop/robot_arm_ws/install/robot_arm_description/share/robot_arm_description/package.ps1'
[2.799s] INFO:colcon.colcon_core.shell:Creating package descriptor '/home/dev_computer/Desktop/robot_arm_ws/install/robot_arm_description/share/robot_arm_description/package.dsv'
[2.801s] INFO:colcon.colcon_core.shell:Creating package script '/home/dev_computer/Desktop/robot_arm_ws/install/robot_arm_description/share/robot_arm_description/package.sh'
[2.802s] INFO:colcon.colcon_core.shell:Creating package script '/home/dev_computer/Desktop/robot_arm_ws/install/robot_arm_description/share/robot_arm_description/package.bash'
[2.804s] INFO:colcon.colcon_core.shell:Creating package script '/home/dev_computer/Desktop/robot_arm_ws/install/robot_arm_description/share/robot_arm_description/package.zsh'
[2.805s] Level 1:colcon.colcon_core.environment:create_file_with_runtime_dependencies(/home/dev_computer/Desktop/robot_arm_ws/install/robot_arm_description/share/colcon-core/packages/robot_arm_description)
[2.807s] Level 1:colcon.colcon_core.environment:create_environment_scripts_only(robot_arm_description)
[2.807s] Level 1:colcon.colcon_core.environment:checking '/home/dev_computer/Desktop/robot_arm_ws/install/robot_arm_description' for CMake module files
[2.809s] Level 1:colcon.colcon_core.environment:checking '/home/dev_computer/Desktop/robot_arm_ws/install/robot_arm_description' for CMake config files
[2.811s] Level 1:colcon.colcon_core.shell:create_environment_hook('robot_arm_description', 'cmake_prefix_path')
[2.811s] INFO:colcon.colcon_core.shell:Creating environment hook '/home/dev_computer/Desktop/robot_arm_ws/install/robot_arm_description/share/robot_arm_description/hook/cmake_prefix_path.ps1'
[2.815s] INFO:colcon.colcon_core.shell:Creating environment descriptor '/home/dev_computer/Desktop/robot_arm_ws/install/robot_arm_description/share/robot_arm_description/hook/cmake_prefix_path.dsv'
[2.816s] INFO:colcon.colcon_core.shell:Creating environment hook '/home/dev_computer/Desktop/robot_arm_ws/install/robot_arm_description/share/robot_arm_description/hook/cmake_prefix_path.sh'
[2.818s] Level 1:colcon.colcon_core.environment:checking '/home/dev_computer/Desktop/robot_arm_ws/install/robot_arm_description/bin'
[2.818s] Level 1:colcon.colcon_core.environment:checking '/home/dev_computer/Desktop/robot_arm_ws/install/robot_arm_description/lib/pkgconfig/robot_arm_description.pc'
[2.819s] Level 1:colcon.colcon_core.environment:checking '/home/dev_computer/Desktop/robot_arm_ws/install/robot_arm_description/lib/python3.12/site-packages'
[2.820s] Level 1:colcon.colcon_core.environment:checking '/home/dev_computer/Desktop/robot_arm_ws/install/robot_arm_description/bin'
[2.820s] INFO:colcon.colcon_core.shell:Creating package script '/home/dev_computer/Desktop/robot_arm_ws/install/robot_arm_description/share/robot_arm_description/package.ps1'
[2.822s] INFO:colcon.colcon_core.shell:Creating package descriptor '/home/dev_computer/Desktop/robot_arm_ws/install/robot_arm_description/share/robot_arm_description/package.dsv'
[2.824s] INFO:colcon.colcon_core.shell:Creating package script '/home/dev_computer/Desktop/robot_arm_ws/install/robot_arm_description/share/robot_arm_description/package.sh'
[2.825s] INFO:colcon.colcon_core.shell:Creating package script '/home/dev_computer/Desktop/robot_arm_ws/install/robot_arm_description/share/robot_arm_description/package.bash'
[2.827s] INFO:colcon.colcon_core.shell:Creating package script '/home/dev_computer/Desktop/robot_arm_ws/install/robot_arm_description/share/robot_arm_description/package.zsh'
[2.828s] Level 1:colcon.colcon_core.environment:create_file_with_runtime_dependencies(/home/dev_computer/Desktop/robot_arm_ws/install/robot_arm_description/share/colcon-core/packages/robot_arm_description)
[3.295s] Level 1:colcon.colcon_core.shell:create_environment_hook('detector_subscriber', 'pythonpath_develop')
[3.296s] INFO:colcon.colcon_core.shell:Creating environment hook '/home/dev_computer/Desktop/robot_arm_ws/build/detector_subscriber/share/detector_subscriber/hook/pythonpath_develop.ps1'
[3.297s] DEBUG:colcon.colcon_core.event_handler.log_command:Invoked command in '/home/dev_computer/Desktop/robot_arm_ws/build/detector_subscriber' returned '0': DEBUGINFOD_URLS=https://debuginfod.ubuntu.com PYTHONPATH=/home/dev_computer/Desktop/robot_arm_ws/build/detector_subscriber/prefix_override:/usr/lib/python3/dist-packages/colcon_core/task/python/colcon_distutils_commands:/home/dev_computer/Desktop/robot_arm_ws/install/detector_subscriber/lib/python3.12/site-packages:${PYTHONPATH} /usr/bin/python3 -W ignore:setup.py install is deprecated -W ignore:easy_install command is deprecated setup.py develop --editable --build-directory /home/dev_computer/Desktop/robot_arm_ws/build/detector_subscriber/build --no-deps symlink_data
[3.298s] INFO:colcon.colcon_core.shell:Creating environment descriptor '/home/dev_computer/Desktop/robot_arm_ws/build/detector_subscriber/share/detector_subscriber/hook/pythonpath_develop.dsv'
[3.299s] INFO:colcon.colcon_core.shell:Creating environment hook '/home/dev_computer/Desktop/robot_arm_ws/build/detector_subscriber/share/detector_subscriber/hook/pythonpath_develop.sh'
[3.301s] Level 1:colcon.colcon_core.environment:checking '/home/dev_computer/Desktop/robot_arm_ws/install/detector_subscriber' for CMake module files
[3.302s] Level 1:colcon.colcon_core.environment:checking '/home/dev_computer/Desktop/robot_arm_ws/install/detector_subscriber' for CMake config files
[3.303s] Level 1:colcon.colcon_core.environment:checking '/home/dev_computer/Desktop/robot_arm_ws/install/detector_subscriber/lib'
[3.304s] Level 1:colcon.colcon_core.environment:checking '/home/dev_computer/Desktop/robot_arm_ws/install/detector_subscriber/bin'
[3.304s] Level 1:colcon.colcon_core.environment:checking '/home/dev_computer/Desktop/robot_arm_ws/install/detector_subscriber/lib/pkgconfig/detector_subscriber.pc'
[3.306s] Level 1:colcon.colcon_core.environment:checking '/home/dev_computer/Desktop/robot_arm_ws/install/detector_subscriber/lib/python3.12/site-packages'
[3.306s] Level 1:colcon.colcon_core.shell:create_environment_hook('detector_subscriber', 'pythonpath')
[3.307s] INFO:colcon.colcon_core.shell:Creating environment hook '/home/dev_computer/Desktop/robot_arm_ws/install/detector_subscriber/share/detector_subscriber/hook/pythonpath.ps1'
[3.308s] INFO:colcon.colcon_core.shell:Creating environment descriptor '/home/dev_computer/Desktop/robot_arm_ws/install/detector_subscriber/share/detector_subscriber/hook/pythonpath.dsv'
[3.309s] INFO:colcon.colcon_core.shell:Creating environment hook '/home/dev_computer/Desktop/robot_arm_ws/install/detector_subscriber/share/detector_subscriber/hook/pythonpath.sh'
[3.312s] Level 1:colcon.colcon_core.environment:checking '/home/dev_computer/Desktop/robot_arm_ws/install/detector_subscriber/bin'
[3.312s] Level 1:colcon.colcon_core.environment:create_environment_scripts_only(detector_subscriber)
[3.313s] INFO:colcon.colcon_core.shell:Creating package script '/home/dev_computer/Desktop/robot_arm_ws/install/detector_subscriber/share/detector_subscriber/package.ps1'
[3.314s] INFO:colcon.colcon_core.shell:Creating package descriptor '/home/dev_computer/Desktop/robot_arm_ws/install/detector_subscriber/share/detector_subscriber/package.dsv'
[3.316s] INFO:colcon.colcon_core.shell:Creating package script '/home/dev_computer/Desktop/robot_arm_ws/install/detector_subscriber/share/detector_subscriber/package.sh'
[3.317s] INFO:colcon.colcon_core.shell:Creating package script '/home/dev_computer/Desktop/robot_arm_ws/install/detector_subscriber/share/detector_subscriber/package.bash'
[3.318s] INFO:colcon.colcon_core.shell:Creating package script '/home/dev_computer/Desktop/robot_arm_ws/install/detector_subscriber/share/detector_subscriber/package.zsh'
[3.319s] Level 1:colcon.colcon_core.environment:create_file_with_runtime_dependencies(/home/dev_computer/Desktop/robot_arm_ws/install/detector_subscriber/share/colcon-core/packages/detector_subscriber)
[3.459s] Level 1:colcon.colcon_core.shell:create_environment_hook('controller_joint_test', 'pythonpath_develop')
[3.460s] INFO:colcon.colcon_core.shell:Creating environment hook '/home/dev_computer/Desktop/robot_arm_ws/build/controller_joint_test/share/controller_joint_test/hook/pythonpath_develop.ps1'
[3.461s] DEBUG:colcon.colcon_core.event_handler.log_command:Invoked command in '/home/dev_computer/Desktop/robot_arm_ws/build/controller_joint_test' returned '0': DEBUGINFOD_URLS=https://debuginfod.ubuntu.com PYTHONPATH=/home/dev_computer/Desktop/robot_arm_ws/build/controller_joint_test/prefix_override:/usr/lib/python3/dist-packages/colcon_core/task/python/colcon_distutils_commands:/home/dev_computer/Desktop/robot_arm_ws/install/controller_joint_test/lib/python3.12/site-packages:${PYTHONPATH} /usr/bin/python3 -W ignore:setup.py install is deprecated -W ignore:easy_install command is deprecated setup.py develop --editable --build-directory /home/dev_computer/Desktop/robot_arm_ws/build/controller_joint_test/build --no-deps symlink_data
[3.462s] INFO:colcon.colcon_core.shell:Creating environment descriptor '/home/dev_computer/Desktop/robot_arm_ws/build/controller_joint_test/share/controller_joint_test/hook/pythonpath_develop.dsv'
[3.463s] INFO:colcon.colcon_core.shell:Creating environment hook '/home/dev_computer/Desktop/robot_arm_ws/build/controller_joint_test/share/controller_joint_test/hook/pythonpath_develop.sh'
[3.465s] Level 1:colcon.colcon_core.environment:checking '/home/dev_computer/Desktop/robot_arm_ws/install/controller_joint_test' for CMake module files
[3.466s] Level 1:colcon.colcon_core.environment:checking '/home/dev_computer/Desktop/robot_arm_ws/install/controller_joint_test' for CMake config files
[3.467s] Level 1:colcon.colcon_core.environment:checking '/home/dev_computer/Desktop/robot_arm_ws/install/controller_joint_test/lib'
[3.467s] Level 1:colcon.colcon_core.environment:checking '/home/dev_computer/Desktop/robot_arm_ws/install/controller_joint_test/bin'
[3.468s] Level 1:colcon.colcon_core.environment:checking '/home/dev_computer/Desktop/robot_arm_ws/install/controller_joint_test/lib/pkgconfig/controller_joint_test.pc'
[3.468s] Level 1:colcon.colcon_core.environment:checking '/home/dev_computer/Desktop/robot_arm_ws/install/controller_joint_test/lib/python3.12/site-packages'
[3.468s] Level 1:colcon.colcon_core.shell:create_environment_hook('controller_joint_test', 'pythonpath')
[3.469s] INFO:colcon.colcon_core.shell:Creating environment hook '/home/dev_computer/Desktop/robot_arm_ws/install/controller_joint_test/share/controller_joint_test/hook/pythonpath.ps1'
[3.470s] INFO:colcon.colcon_core.shell:Creating environment descriptor '/home/dev_computer/Desktop/robot_arm_ws/install/controller_joint_test/share/controller_joint_test/hook/pythonpath.dsv'
[3.471s] INFO:colcon.colcon_core.shell:Creating environment hook '/home/dev_computer/Desktop/robot_arm_ws/install/controller_joint_test/share/controller_joint_test/hook/pythonpath.sh'
[3.474s] Level 1:colcon.colcon_core.environment:checking '/home/dev_computer/Desktop/robot_arm_ws/install/controller_joint_test/bin'
[3.474s] Level 1:colcon.colcon_core.environment:create_environment_scripts_only(controller_joint_test)
[3.475s] INFO:colcon.colcon_core.shell:Creating package script '/home/dev_computer/Desktop/robot_arm_ws/install/controller_joint_test/share/controller_joint_test/package.ps1'
[3.477s] INFO:colcon.colcon_core.shell:Creating package descriptor '/home/dev_computer/Desktop/robot_arm_ws/install/controller_joint_test/share/controller_joint_test/package.dsv'
[3.479s] INFO:colcon.colcon_core.shell:Creating package script '/home/dev_computer/Desktop/robot_arm_ws/install/controller_joint_test/share/controller_joint_test/package.sh'
[3.480s] INFO:colcon.colcon_core.shell:Creating package script '/home/dev_computer/Desktop/robot_arm_ws/install/controller_joint_test/share/controller_joint_test/package.bash'
[3.481s] INFO:colcon.colcon_core.shell:Creating package script '/home/dev_computer/Desktop/robot_arm_ws/install/controller_joint_test/share/controller_joint_test/package.zsh'
[3.482s] Level 1:colcon.colcon_core.environment:create_file_with_runtime_dependencies(/home/dev_computer/Desktop/robot_arm_ws/install/controller_joint_test/share/colcon-core/packages/controller_joint_test)
[4.478s] Level 1:colcon.colcon_core.shell:create_environment_hook('detector', 'pythonpath_develop')
[4.479s] INFO:colcon.colcon_core.shell:Creating environment hook '/home/dev_computer/Desktop/robot_arm_ws/build/detector/share/detector/hook/pythonpath_develop.ps1'
[4.479s] DEBUG:colcon.colcon_core.event_handler.log_command:Invoked command in '/home/dev_computer/Desktop/robot_arm_ws/build/detector' returned '0': DEBUGINFOD_URLS=https://debuginfod.ubuntu.com PYTHONPATH=/home/dev_computer/Desktop/robot_arm_ws/build/detector/prefix_override:/usr/lib/python3/dist-packages/colcon_core/task/python/colcon_distutils_commands:/home/dev_computer/Desktop/robot_arm_ws/install/detector/lib/python3.12/site-packages:${PYTHONPATH} /usr/bin/python3 -W ignore:setup.py install is deprecated -W ignore:easy_install command is deprecated setup.py develop --editable --build-directory /home/dev_computer/Desktop/robot_arm_ws/build/detector/build --no-deps symlink_data
[4.480s] INFO:colcon.colcon_core.shell:Creating environment descriptor '/home/dev_computer/Desktop/robot_arm_ws/build/detector/share/detector/hook/pythonpath_develop.dsv'
[4.480s] INFO:colcon.colcon_core.shell:Creating environment hook '/home/dev_computer/Desktop/robot_arm_ws/build/detector/share/detector/hook/pythonpath_develop.sh'
[4.481s] Level 1:colcon.colcon_core.environment:checking '/home/dev_computer/Desktop/robot_arm_ws/install/detector' for CMake module files
[4.481s] Level 1:colcon.colcon_core.environment:checking '/home/dev_computer/Desktop/robot_arm_ws/install/detector' for CMake config files
[4.482s] Level 1:colcon.colcon_core.environment:checking '/home/dev_computer/Desktop/robot_arm_ws/install/detector/lib'
[4.482s] Level 1:colcon.colcon_core.environment:checking '/home/dev_computer/Desktop/robot_arm_ws/install/detector/bin'
[4.482s] Level 1:colcon.colcon_core.environment:checking '/home/dev_computer/Desktop/robot_arm_ws/install/detector/lib/pkgconfig/detector.pc'
[4.482s] Level 1:colcon.colcon_core.environment:checking '/home/dev_computer/Desktop/robot_arm_ws/install/detector/lib/python3.12/site-packages'
[4.482s] Level 1:colcon.colcon_core.shell:create_environment_hook('detector', 'pythonpath')
[4.482s] INFO:colcon.colcon_core.shell:Creating environment hook '/home/dev_computer/Desktop/robot_arm_ws/install/detector/share/detector/hook/pythonpath.ps1'
[4.483s] INFO:colcon.colcon_core.shell:Creating environment descriptor '/home/dev_computer/Desktop/robot_arm_ws/install/detector/share/detector/hook/pythonpath.dsv'
[4.483s] INFO:colcon.colcon_core.shell:Creating environment hook '/home/dev_computer/Desktop/robot_arm_ws/install/detector/share/detector/hook/pythonpath.sh'
[4.484s] Level 1:colcon.colcon_core.environment:checking '/home/dev_computer/Desktop/robot_arm_ws/install/detector/bin'
[4.484s] Level 1:colcon.colcon_core.environment:create_environment_scripts_only(detector)
[4.484s] INFO:colcon.colcon_core.shell:Creating package script '/home/dev_computer/Desktop/robot_arm_ws/install/detector/share/detector/package.ps1'
[4.485s] INFO:colcon.colcon_core.shell:Creating package descriptor '/home/dev_computer/Desktop/robot_arm_ws/install/detector/share/detector/package.dsv'
[4.485s] INFO:colcon.colcon_core.shell:Creating package script '/home/dev_computer/Desktop/robot_arm_ws/install/detector/share/detector/package.sh'
[4.485s] INFO:colcon.colcon_core.shell:Creating package script '/home/dev_computer/Desktop/robot_arm_ws/install/detector/share/detector/package.bash'
[4.486s] INFO:colcon.colcon_core.shell:Creating package script '/home/dev_computer/Desktop/robot_arm_ws/install/detector/share/detector/package.zsh'
[4.486s] Level 1:colcon.colcon_core.environment:create_file_with_runtime_dependencies(/home/dev_computer/Desktop/robot_arm_ws/install/detector/share/colcon-core/packages/detector)
[4.487s] Level 1:colcon.colcon_core.shell:create_environment_hook('spatial_detector', 'pythonpath_develop')
[4.487s] INFO:colcon.colcon_core.shell:Creating environment hook '/home/dev_computer/Desktop/robot_arm_ws/build/spatial_detector/share/spatial_detector/hook/pythonpath_develop.ps1'
[4.488s] DEBUG:colcon.colcon_core.event_handler.log_command:Invoked command in '/home/dev_computer/Desktop/robot_arm_ws/build/spatial_detector' returned '0': DEBUGINFOD_URLS=https://debuginfod.ubuntu.com PYTHONPATH=/home/dev_computer/Desktop/robot_arm_ws/build/spatial_detector/prefix_override:/usr/lib/python3/dist-packages/colcon_core/task/python/colcon_distutils_commands:/home/dev_computer/Desktop/robot_arm_ws/install/spatial_detector/lib/python3.12/site-packages:${PYTHONPATH} /usr/bin/python3 -W ignore:setup.py install is deprecated -W ignore:easy_install command is deprecated setup.py develop --editable --build-directory /home/dev_computer/Desktop/robot_arm_ws/build/spatial_detector/build --no-deps symlink_data
[4.489s] INFO:colcon.colcon_core.shell:Creating environment descriptor '/home/dev_computer/Desktop/robot_arm_ws/build/spatial_detector/share/spatial_detector/hook/pythonpath_develop.dsv'
[4.490s] INFO:colcon.colcon_core.shell:Creating environment hook '/home/dev_computer/Desktop/robot_arm_ws/build/spatial_detector/share/spatial_detector/hook/pythonpath_develop.sh'
[4.491s] Level 1:colcon.colcon_core.environment:checking '/home/dev_computer/Desktop/robot_arm_ws/install/spatial_detector' for CMake module files
[4.492s] Level 1:colcon.colcon_core.environment:checking '/home/dev_computer/Desktop/robot_arm_ws/install/spatial_detector' for CMake config files
[4.492s] Level 1:colcon.colcon_core.environment:checking '/home/dev_computer/Desktop/robot_arm_ws/install/spatial_detector/lib'
[4.493s] Level 1:colcon.colcon_core.environment:checking '/home/dev_computer/Desktop/robot_arm_ws/install/spatial_detector/bin'
[4.493s] Level 1:colcon.colcon_core.environment:checking '/home/dev_computer/Desktop/robot_arm_ws/install/spatial_detector/lib/pkgconfig/spatial_detector.pc'
[4.493s] Level 1:colcon.colcon_core.environment:checking '/home/dev_computer/Desktop/robot_arm_ws/install/spatial_detector/lib/python3.12/site-packages'
[4.494s] Level 1:colcon.colcon_core.shell:create_environment_hook('spatial_detector', 'pythonpath')
[4.494s] INFO:colcon.colcon_core.shell:Creating environment hook '/home/dev_computer/Desktop/robot_arm_ws/install/spatial_detector/share/spatial_detector/hook/pythonpath.ps1'
[4.495s] INFO:colcon.colcon_core.shell:Creating environment descriptor '/home/dev_computer/Desktop/robot_arm_ws/install/spatial_detector/share/spatial_detector/hook/pythonpath.dsv'
[4.495s] INFO:colcon.colcon_core.shell:Creating environment hook '/home/dev_computer/Desktop/robot_arm_ws/install/spatial_detector/share/spatial_detector/hook/pythonpath.sh'
[4.496s] Level 1:colcon.colcon_core.environment:checking '/home/dev_computer/Desktop/robot_arm_ws/install/spatial_detector/bin'
[4.496s] Level 1:colcon.colcon_core.environment:create_environment_scripts_only(spatial_detector)
[4.497s] INFO:colcon.colcon_core.shell:Creating package script '/home/dev_computer/Desktop/robot_arm_ws/install/spatial_detector/share/spatial_detector/package.ps1'
[4.497s] INFO:colcon.colcon_core.shell:Creating package descriptor '/home/dev_computer/Desktop/robot_arm_ws/install/spatial_detector/share/spatial_detector/package.dsv'
[4.498s] INFO:colcon.colcon_core.shell:Creating package script '/home/dev_computer/Desktop/robot_arm_ws/install/spatial_detector/share/spatial_detector/package.sh'
[4.499s] INFO:colcon.colcon_core.shell:Creating package script '/home/dev_computer/Desktop/robot_arm_ws/install/spatial_detector/share/spatial_detector/package.bash'
[4.499s] INFO:colcon.colcon_core.shell:Creating package script '/home/dev_computer/Desktop/robot_arm_ws/install/spatial_detector/share/spatial_detector/package.zsh'
[4.499s] Level 1:colcon.colcon_core.environment:create_file_with_runtime_dependencies(/home/dev_computer/Desktop/robot_arm_ws/install/spatial_detector/share/colcon-core/packages/spatial_detector)
[4.500s] DEBUG:colcon.colcon_parallel_executor.executor.parallel:closing loop
[4.500s] DEBUG:colcon.colcon_parallel_executor.executor.parallel:loop closed
[4.500s] DEBUG:colcon.colcon_parallel_executor.executor.parallel:run_until_complete finished with '0'
[4.500s] DEBUG:colcon.colcon_core.event_reactor:joining thread
[4.510s] INFO:colcon.colcon_core.plugin_system:Skipping extension 'colcon_notification.desktop_notification.terminal_notifier': Not used on non-Darwin systems
[4.510s] INFO:colcon.colcon_core.plugin_system:Skipping extension 'colcon_notification.desktop_notification.win32': Not used on non-Windows systems
[4.511s] INFO:colcon.colcon_notification.desktop_notification:Sending desktop notification using 'notify2'
[4.535s] DEBUG:colcon.colcon_core.event_reactor:joined thread
[4.535s] INFO:colcon.colcon_core.shell:Creating prefix script '/home/dev_computer/Desktop/robot_arm_ws/install/local_setup.ps1'
[4.536s] INFO:colcon.colcon_core.shell:Creating prefix util module '/home/dev_computer/Desktop/robot_arm_ws/install/_local_setup_util_ps1.py'
[4.537s] INFO:colcon.colcon_core.shell:Creating prefix chain script '/home/dev_computer/Desktop/robot_arm_ws/install/setup.ps1'
[4.538s] INFO:colcon.colcon_core.shell:Creating prefix script '/home/dev_computer/Desktop/robot_arm_ws/install/local_setup.sh'
[4.538s] INFO:colcon.colcon_core.shell:Creating prefix util module '/home/dev_computer/Desktop/robot_arm_ws/install/_local_setup_util_sh.py'
[4.540s] INFO:colcon.colcon_core.shell:Creating prefix chain script '/home/dev_computer/Desktop/robot_arm_ws/install/setup.sh'
[4.542s] INFO:colcon.colcon_core.shell:Creating prefix script '/home/dev_computer/Desktop/robot_arm_ws/install/local_setup.bash'
[4.543s] INFO:colcon.colcon_core.shell:Creating prefix chain script '/home/dev_computer/Desktop/robot_arm_ws/install/setup.bash'
[4.544s] INFO:colcon.colcon_core.shell:Creating prefix script '/home/dev_computer/Desktop/robot_arm_ws/install/local_setup.zsh'
[4.544s] INFO:colcon.colcon_core.shell:Creating prefix chain script '/home/dev_computer/Desktop/robot_arm_ws/install/setup.zsh'
