-- The C compiler identification is GNU 13.3.0
-- The CXX compiler identification is GNU 13.3.0
-- Detecting C compiler ABI info
-- Detecting C compiler ABI info - done
-- Check for working C compiler: /usr/bin/cc - skipped
-- Detecting C compile features
-- Detecting C compile features - done
-- Detecting CXX compiler ABI info
-- Detecting CXX compiler ABI info - done
-- Check for working CXX compiler: /usr/bin/c++ - skipped
-- Detecting CXX compile features
-- Detecting CXX compile features - done
-- Found ament_cmake: 2.5.4 (/opt/ros/jazzy/share/ament_cmake/cmake)
-- Found Python3: /usr/bin/python3 (found version "3.12.3") found components: Interpreter 
-- Override CMake install command with custom implementation using symlinks instead of copying resources
-- Found ament_lint_auto: 0.17.3 (/opt/ros/jazzy/share/ament_lint_auto/cmake)
-- Added test 'flake8' to check Python code syntax and style conventions
-- Configured 'flake8' exclude dirs and/or files: 
-- Added test 'lint_cmake' to check CMake code style
-- Added test 'pep257' to check Python code against some of the docstring style conventions in PEP 257
-- Added test 'xmllint' to check XML markup files
-- Configuring done (0.8s)
-- Generating done (0.0s)
-- Build files have been written to: /home/dev_computer/Desktop/robot_arm_ws/build/robot_arm_description
-- Install configuration: ""
-- Execute custom install script
-- Symlinking: /home/dev_computer/Desktop/robot_arm_ws/install/robot_arm_description/share/robot_arm_description/assets/30x30_240mm_part2020.part
-- Symlinking: /home/dev_computer/Desktop/robot_arm_ws/install/robot_arm_description/share/robot_arm_description/assets/30x30_240mm_part2020.stl
-- Symlinking: /home/dev_computer/Desktop/robot_arm_ws/install/robot_arm_description/share/robot_arm_description/assets/30x30_300mm_part2020.part
-- Symlinking: /home/dev_computer/Desktop/robot_arm_ws/install/robot_arm_description/share/robot_arm_description/assets/30x30_300mm_part2020.stl
-- Symlinking: /home/dev_computer/Desktop/robot_arm_ws/install/robot_arm_description/share/robot_arm_description/assets/30x30_460mm_part2020.part
-- Symlinking: /home/dev_computer/Desktop/robot_arm_ws/install/robot_arm_description/share/robot_arm_description/assets/30x30_460mm_part2020.stl
-- Symlinking: /home/dev_computer/Desktop/robot_arm_ws/install/robot_arm_description/share/robot_arm_description/assets/bore_1.part
-- Symlinking: /home/dev_computer/Desktop/robot_arm_ws/install/robot_arm_description/share/robot_arm_description/assets/bore_1.stl
-- Symlinking: /home/dev_computer/Desktop/robot_arm_ws/install/robot_arm_description/share/robot_arm_description/assets/bore_1__2.part
-- Symlinking: /home/dev_computer/Desktop/robot_arm_ws/install/robot_arm_description/share/robot_arm_description/assets/bore_1__2.stl
-- Symlinking: /home/dev_computer/Desktop/robot_arm_ws/install/robot_arm_description/share/robot_arm_description/assets/part_1.part
-- Symlinking: /home/dev_computer/Desktop/robot_arm_ws/install/robot_arm_description/share/robot_arm_description/assets/part_1.stl
-- Symlinking: /home/dev_computer/Desktop/robot_arm_ws/install/robot_arm_description/share/robot_arm_description/assets/part_1__10.part
-- Symlinking: /home/dev_computer/Desktop/robot_arm_ws/install/robot_arm_description/share/robot_arm_description/assets/part_1__10.stl
-- Symlinking: /home/dev_computer/Desktop/robot_arm_ws/install/robot_arm_description/share/robot_arm_description/assets/part_1__11.part
-- Symlinking: /home/dev_computer/Desktop/robot_arm_ws/install/robot_arm_description/share/robot_arm_description/assets/part_1__11.stl
-- Symlinking: /home/dev_computer/Desktop/robot_arm_ws/install/robot_arm_description/share/robot_arm_description/assets/part_1__12.part
-- Symlinking: /home/dev_computer/Desktop/robot_arm_ws/install/robot_arm_description/share/robot_arm_description/assets/part_1__12.stl
-- Symlinking: /home/dev_computer/Desktop/robot_arm_ws/install/robot_arm_description/share/robot_arm_description/assets/part_1__13.part
-- Symlinking: /home/dev_computer/Desktop/robot_arm_ws/install/robot_arm_description/share/robot_arm_description/assets/part_1__13.stl
-- Symlinking: /home/dev_computer/Desktop/robot_arm_ws/install/robot_arm_description/share/robot_arm_description/assets/part_1__14.part
-- Symlinking: /home/dev_computer/Desktop/robot_arm_ws/install/robot_arm_description/share/robot_arm_description/assets/part_1__14.stl
-- Symlinking: /home/dev_computer/Desktop/robot_arm_ws/install/robot_arm_description/share/robot_arm_description/assets/part_1__15.part
-- Symlinking: /home/dev_computer/Desktop/robot_arm_ws/install/robot_arm_description/share/robot_arm_description/assets/part_1__15.stl
-- Symlinking: /home/dev_computer/Desktop/robot_arm_ws/install/robot_arm_description/share/robot_arm_description/assets/part_1__16.part
-- Symlinking: /home/dev_computer/Desktop/robot_arm_ws/install/robot_arm_description/share/robot_arm_description/assets/part_1__16.stl
-- Symlinking: /home/dev_computer/Desktop/robot_arm_ws/install/robot_arm_description/share/robot_arm_description/assets/part_1__17.part
-- Symlinking: /home/dev_computer/Desktop/robot_arm_ws/install/robot_arm_description/share/robot_arm_description/assets/part_1__17.stl
-- Symlinking: /home/dev_computer/Desktop/robot_arm_ws/install/robot_arm_description/share/robot_arm_description/assets/part_1__18.part
-- Symlinking: /home/dev_computer/Desktop/robot_arm_ws/install/robot_arm_description/share/robot_arm_description/assets/part_1__18.stl
-- Symlinking: /home/dev_computer/Desktop/robot_arm_ws/install/robot_arm_description/share/robot_arm_description/assets/part_1__2.part
-- Symlinking: /home/dev_computer/Desktop/robot_arm_ws/install/robot_arm_description/share/robot_arm_description/assets/part_1__2.stl
-- Symlinking: /home/dev_computer/Desktop/robot_arm_ws/install/robot_arm_description/share/robot_arm_description/assets/part_1__3.part
-- Symlinking: /home/dev_computer/Desktop/robot_arm_ws/install/robot_arm_description/share/robot_arm_description/assets/part_1__3.stl
-- Symlinking: /home/dev_computer/Desktop/robot_arm_ws/install/robot_arm_description/share/robot_arm_description/assets/part_1__4.part
-- Symlinking: /home/dev_computer/Desktop/robot_arm_ws/install/robot_arm_description/share/robot_arm_description/assets/part_1__4.stl
-- Symlinking: /home/dev_computer/Desktop/robot_arm_ws/install/robot_arm_description/share/robot_arm_description/assets/part_1__5.part
-- Symlinking: /home/dev_computer/Desktop/robot_arm_ws/install/robot_arm_description/share/robot_arm_description/assets/part_1__5.stl
-- Symlinking: /home/dev_computer/Desktop/robot_arm_ws/install/robot_arm_description/share/robot_arm_description/assets/part_1__6.part
-- Symlinking: /home/dev_computer/Desktop/robot_arm_ws/install/robot_arm_description/share/robot_arm_description/assets/part_1__6.stl
-- Symlinking: /home/dev_computer/Desktop/robot_arm_ws/install/robot_arm_description/share/robot_arm_description/assets/part_1__7.part
-- Symlinking: /home/dev_computer/Desktop/robot_arm_ws/install/robot_arm_description/share/robot_arm_description/assets/part_1__7.stl
-- Symlinking: /home/dev_computer/Desktop/robot_arm_ws/install/robot_arm_description/share/robot_arm_description/assets/part_1__8.part
-- Symlinking: /home/dev_computer/Desktop/robot_arm_ws/install/robot_arm_description/share/robot_arm_description/assets/part_1__8.stl
-- Symlinking: /home/dev_computer/Desktop/robot_arm_ws/install/robot_arm_description/share/robot_arm_description/assets/part_1__9.part
-- Symlinking: /home/dev_computer/Desktop/robot_arm_ws/install/robot_arm_description/share/robot_arm_description/assets/part_1__9.stl
-- Symlinking: /home/dev_computer/Desktop/robot_arm_ws/install/robot_arm_description/share/robot_arm_description/assets/part_1_mirrored.part
-- Symlinking: /home/dev_computer/Desktop/robot_arm_ws/install/robot_arm_description/share/robot_arm_description/assets/part_1_mirrored.stl
-- Symlinking: /home/dev_computer/Desktop/robot_arm_ws/install/robot_arm_description/share/robot_arm_description/assets/part_2.part
-- Symlinking: /home/dev_computer/Desktop/robot_arm_ws/install/robot_arm_description/share/robot_arm_description/assets/part_2.stl
-- Symlinking: /home/dev_computer/Desktop/robot_arm_ws/install/robot_arm_description/share/robot_arm_description/assets/part_4.part
-- Symlinking: /home/dev_computer/Desktop/robot_arm_ws/install/robot_arm_description/share/robot_arm_description/assets/part_4.stl
-- Symlinking: /home/dev_computer/Desktop/robot_arm_ws/install/robot_arm_description/share/robot_arm_description/assets/part_7.part
-- Symlinking: /home/dev_computer/Desktop/robot_arm_ws/install/robot_arm_description/share/robot_arm_description/assets/part_7.stl
-- Symlinking: /home/dev_computer/Desktop/robot_arm_ws/install/robot_arm_description/share/robot_arm_description/assets/revisedupperdrum.part
-- Symlinking: /home/dev_computer/Desktop/robot_arm_ws/install/robot_arm_description/share/robot_arm_description/assets/revisedupperdrum.stl
-- Symlinking: /home/dev_computer/Desktop/robot_arm_ws/install/robot_arm_description/share/robot_arm_description/assets/yar_210_2f_bearing.part
-- Symlinking: /home/dev_computer/Desktop/robot_arm_ws/install/robot_arm_description/share/robot_arm_description/assets/yar_210_2f_bearing.stl
-- Symlinking: /home/dev_computer/Desktop/robot_arm_ws/install/robot_arm_description/share/robot_arm_description/launch/rviz.launch.py
-- Symlinking: /home/dev_computer/Desktop/robot_arm_ws/install/robot_arm_description/share/robot_arm_description/robot.urdf
-- Symlinking: /home/dev_computer/Desktop/robot_arm_ws/install/robot_arm_description/share/robot_arm_description/config.json
-- Symlinking: /home/dev_computer/Desktop/robot_arm_ws/install/robot_arm_description/share/ament_index/resource_index/package_run_dependencies/robot_arm_description
-- Symlinking: /home/dev_computer/Desktop/robot_arm_ws/install/robot_arm_description/share/ament_index/resource_index/parent_prefix_path/robot_arm_description
-- Symlinking: /home/dev_computer/Desktop/robot_arm_ws/install/robot_arm_description/share/robot_arm_description/environment/ament_prefix_path.sh
-- Symlinking: /home/dev_computer/Desktop/robot_arm_ws/install/robot_arm_description/share/robot_arm_description/environment/ament_prefix_path.dsv
-- Symlinking: /home/dev_computer/Desktop/robot_arm_ws/install/robot_arm_description/share/robot_arm_description/environment/path.sh
-- Symlinking: /home/dev_computer/Desktop/robot_arm_ws/install/robot_arm_description/share/robot_arm_description/environment/path.dsv
-- Symlinking: /home/dev_computer/Desktop/robot_arm_ws/install/robot_arm_description/share/robot_arm_description/local_setup.bash
-- Symlinking: /home/dev_computer/Desktop/robot_arm_ws/install/robot_arm_description/share/robot_arm_description/local_setup.sh
-- Symlinking: /home/dev_computer/Desktop/robot_arm_ws/install/robot_arm_description/share/robot_arm_description/local_setup.zsh
-- Symlinking: /home/dev_computer/Desktop/robot_arm_ws/install/robot_arm_description/share/robot_arm_description/local_setup.dsv
-- Symlinking: /home/dev_computer/Desktop/robot_arm_ws/install/robot_arm_description/share/robot_arm_description/package.dsv
-- Symlinking: /home/dev_computer/Desktop/robot_arm_ws/install/robot_arm_description/share/ament_index/resource_index/packages/robot_arm_description
-- Symlinking: /home/dev_computer/Desktop/robot_arm_ws/install/robot_arm_description/share/robot_arm_description/cmake/robot_arm_descriptionConfig.cmake
-- Symlinking: /home/dev_computer/Desktop/robot_arm_ws/install/robot_arm_description/share/robot_arm_description/cmake/robot_arm_descriptionConfig-version.cmake
-- Symlinking: /home/dev_computer/Desktop/robot_arm_ws/install/robot_arm_description/share/robot_arm_description/package.xml
