[2.052s] Invoking command in '/home/dev_computer/Desktop/robot_arm_ws/build/spatial_detector': DEBUGINFOD_URLS=https://debuginfod.ubuntu.com PYTHONPATH=/home/dev_computer/Desktop/robot_arm_ws/build/spatial_detector/prefix_override:/usr/lib/python3/dist-packages/colcon_core/task/python/colcon_distutils_commands:/home/dev_computer/Desktop/robot_arm_ws/install/spatial_detector/lib/python3.12/site-packages:${PYTHONPATH} /usr/bin/python3 -W ignore:setup.py install is deprecated -W ignore:easy_install command is deprecated setup.py develop --editable --build-directory /home/dev_computer/Desktop/robot_arm_ws/build/spatial_detector/build --no-deps symlink_data
[3.222s] running develop
[3.956s] running egg_info
[3.957s] creating spatial_detector.egg-info
[4.011s] writing spatial_detector.egg-info/PKG-INFO
[4.012s] writing dependency_links to spatial_detector.egg-info/dependency_links.txt
[4.013s] writing entry points to spatial_detector.egg-info/entry_points.txt
[4.013s] writing requirements to spatial_detector.egg-info/requires.txt
[4.014s] writing top-level names to spatial_detector.egg-info/top_level.txt
[4.014s] writing manifest file 'spatial_detector.egg-info/SOURCES.txt'
[4.073s] reading manifest file 'spatial_detector.egg-info/SOURCES.txt'
[4.074s] writing manifest file 'spatial_detector.egg-info/SOURCES.txt'
[4.109s] running build_ext
[4.110s] Creating /home/dev_computer/Desktop/robot_arm_ws/install/spatial_detector/lib/python3.12/site-packages/spatial-detector.egg-link (link to .)
[4.110s] Installing spatial_overlay script to /home/dev_computer/Desktop/robot_arm_ws/install/spatial_detector/lib/spatial_detector
[4.110s] 
[4.111s] Installed /home/dev_computer/Desktop/robot_arm_ws/build/spatial_detector
[4.111s] running symlink_data
[4.111s] creating /home/dev_computer/Desktop/robot_arm_ws/install/spatial_detector/share/ament_index
[4.112s] creating /home/dev_computer/Desktop/robot_arm_ws/install/spatial_detector/share/ament_index/resource_index
[4.112s] creating /home/dev_computer/Desktop/robot_arm_ws/install/spatial_detector/share/ament_index/resource_index/packages
[4.112s] symbolically linking /home/dev_computer/Desktop/robot_arm_ws/build/spatial_detector/resource/spatial_detector -> /home/dev_computer/Desktop/robot_arm_ws/install/spatial_detector/share/ament_index/resource_index/packages
[4.112s] symbolically linking /home/dev_computer/Desktop/robot_arm_ws/build/spatial_detector/package.xml -> /home/dev_computer/Desktop/robot_arm_ws/install/spatial_detector/share/spatial_detector
[4.208s] Invoked command in '/home/dev_computer/Desktop/robot_arm_ws/build/spatial_detector' returned '0': DEBUGINFOD_URLS=https://debuginfod.ubuntu.com PYTHONPATH=/home/dev_computer/Desktop/robot_arm_ws/build/spatial_detector/prefix_override:/usr/lib/python3/dist-packages/colcon_core/task/python/colcon_distutils_commands:/home/dev_computer/Desktop/robot_arm_ws/install/spatial_detector/lib/python3.12/site-packages:${PYTHONPATH} /usr/bin/python3 -W ignore:setup.py install is deprecated -W ignore:easy_install command is deprecated setup.py develop --editable --build-directory /home/dev_computer/Desktop/robot_arm_ws/build/spatial_detector/build --no-deps symlink_data
