running develop
running egg_info
creating detector.egg-info
writing detector.egg-info/PKG-INFO
writing dependency_links to detector.egg-info/dependency_links.txt
writing entry points to detector.egg-info/entry_points.txt
writing requirements to detector.egg-info/requires.txt
writing top-level names to detector.egg-info/top_level.txt
writing manifest file 'detector.egg-info/SOURCES.txt'
reading manifest file 'detector.egg-info/SOURCES.txt'
writing manifest file 'detector.egg-info/SOURCES.txt'
running build_ext
Creating /home/dev_computer/Desktop/robot_arm_ws/install/detector/lib/python3.12/site-packages/detector.egg-link (link to .)
Installing aruco_detector_node script to /home/dev_computer/Desktop/robot_arm_ws/install/detector/lib/detector
Installing spatial_tracker_node script to /home/dev_computer/Desktop/robot_arm_ws/install/detector/lib/detector

Installed /home/dev_computer/Desktop/robot_arm_ws/build/detector
running symlink_data
creating /home/dev_computer/Desktop/robot_arm_ws/install/detector/share/ament_index
creating /home/dev_computer/Desktop/robot_arm_ws/install/detector/share/ament_index/resource_index
creating /home/dev_computer/Desktop/robot_arm_ws/install/detector/share/ament_index/resource_index/packages
symbolically linking /home/dev_computer/Desktop/robot_arm_ws/build/detector/resource/detector -> /home/dev_computer/Desktop/robot_arm_ws/install/detector/share/ament_index/resource_index/packages
symbolically linking /home/dev_computer/Desktop/robot_arm_ws/build/detector/package.xml -> /home/dev_computer/Desktop/robot_arm_ws/install/detector/share/detector
creating /home/dev_computer/Desktop/robot_arm_ws/install/detector/share/detector/launch
