[2.027s] Invoking command in '/home/dev_computer/Desktop/robot_arm_ws/build/detector': DEBUGINFOD_URLS=https://debuginfod.ubuntu.com PYTHONPATH=/home/dev_computer/Desktop/robot_arm_ws/build/detector/prefix_override:/usr/lib/python3/dist-packages/colcon_core/task/python/colcon_distutils_commands:/home/dev_computer/Desktop/robot_arm_ws/install/detector/lib/python3.12/site-packages:${PYTHONPATH} /usr/bin/python3 -W ignore:setup.py install is deprecated -W ignore:easy_install command is deprecated setup.py develop --editable --build-directory /home/dev_computer/Desktop/robot_arm_ws/build/detector/build --no-deps symlink_data
[3.217s] running develop
[3.946s] running egg_info
[3.946s] creating detector.egg-info
[4.000s] writing detector.egg-info/PKG-INFO
[4.001s] writing dependency_links to detector.egg-info/dependency_links.txt
[4.001s] writing entry points to detector.egg-info/entry_points.txt
[4.001s] writing requirements to detector.egg-info/requires.txt
[4.002s] writing top-level names to detector.egg-info/top_level.txt
[4.002s] writing manifest file 'detector.egg-info/SOURCES.txt'
[4.076s] reading manifest file 'detector.egg-info/SOURCES.txt'
[4.077s] writing manifest file 'detector.egg-info/SOURCES.txt'
[4.118s] running build_ext
[4.118s] Creating /home/dev_computer/Desktop/robot_arm_ws/install/detector/lib/python3.12/site-packages/detector.egg-link (link to .)
[4.119s] Installing aruco_detector_node script to /home/dev_computer/Desktop/robot_arm_ws/install/detector/lib/detector
[4.119s] Installing spatial_tracker_node script to /home/dev_computer/Desktop/robot_arm_ws/install/detector/lib/detector
[4.119s] 
[4.119s] Installed /home/dev_computer/Desktop/robot_arm_ws/build/detector
[4.119s] running symlink_data
[4.119s] creating /home/dev_computer/Desktop/robot_arm_ws/install/detector/share/ament_index
[4.120s] creating /home/dev_computer/Desktop/robot_arm_ws/install/detector/share/ament_index/resource_index
[4.120s] creating /home/dev_computer/Desktop/robot_arm_ws/install/detector/share/ament_index/resource_index/packages
[4.120s] symbolically linking /home/dev_computer/Desktop/robot_arm_ws/build/detector/resource/detector -> /home/dev_computer/Desktop/robot_arm_ws/install/detector/share/ament_index/resource_index/packages
[4.120s] symbolically linking /home/dev_computer/Desktop/robot_arm_ws/build/detector/package.xml -> /home/dev_computer/Desktop/robot_arm_ws/install/detector/share/detector
[4.120s] creating /home/dev_computer/Desktop/robot_arm_ws/install/detector/share/detector/launch
[4.213s] Invoked command in '/home/dev_computer/Desktop/robot_arm_ws/build/detector' returned '0': DEBUGINFOD_URLS=https://debuginfod.ubuntu.com PYTHONPATH=/home/dev_computer/Desktop/robot_arm_ws/build/detector/prefix_override:/usr/lib/python3/dist-packages/colcon_core/task/python/colcon_distutils_commands:/home/dev_computer/Desktop/robot_arm_ws/install/detector/lib/python3.12/site-packages:${PYTHONPATH} /usr/bin/python3 -W ignore:setup.py install is deprecated -W ignore:easy_install command is deprecated setup.py develop --editable --build-directory /home/dev_computer/Desktop/robot_arm_ws/build/detector/build --no-deps symlink_data
