[1.645s] Invoking command in '/home/dev_computer/Desktop/robot_arm_ws/build/detector_subscriber': DEBUGINFOD_URLS=https://debuginfod.ubuntu.com PYTHONPATH=/home/dev_computer/Desktop/robot_arm_ws/build/detector_subscriber/prefix_override:/usr/lib/python3/dist-packages/colcon_core/task/python/colcon_distutils_commands:/home/dev_computer/Desktop/robot_arm_ws/install/detector_subscriber/lib/python3.12/site-packages:${PYTHONPATH} /usr/bin/python3 -W ignore:setup.py install is deprecated -W ignore:easy_install command is deprecated setup.py develop --editable --build-directory /home/dev_computer/Desktop/robot_arm_ws/build/detector_subscriber/build --no-deps symlink_data
[2.083s] running develop
[2.677s] running egg_info
[2.677s] creating detector_subscriber.egg-info
[2.737s] writing detector_subscriber.egg-info/PKG-INFO
[2.739s] writing dependency_links to detector_subscriber.egg-info/dependency_links.txt
[2.739s] writing entry points to detector_subscriber.egg-info/entry_points.txt
[2.739s] writing requirements to detector_subscriber.egg-info/requires.txt
[2.740s] writing top-level names to detector_subscriber.egg-info/top_level.txt
[2.740s] writing manifest file 'detector_subscriber.egg-info/SOURCES.txt'
[2.858s] reading manifest file 'detector_subscriber.egg-info/SOURCES.txt'
[2.859s] writing manifest file 'detector_subscriber.egg-info/SOURCES.txt'
[2.917s] running build_ext
[2.917s] Creating /home/dev_computer/Desktop/robot_arm_ws/install/detector_subscriber/lib/python3.12/site-packages/detector-subscriber.egg-link (link to .)
[2.920s] Installing aruco_visualizer script to /home/dev_computer/Desktop/robot_arm_ws/install/detector_subscriber/lib/detector_subscriber
[2.921s] Installing spatial_subscriber script to /home/dev_computer/Desktop/robot_arm_ws/install/detector_subscriber/lib/detector_subscriber
[2.921s] 
[2.922s] Installed /home/dev_computer/Desktop/robot_arm_ws/build/detector_subscriber
[2.922s] running symlink_data
[2.923s] creating /home/dev_computer/Desktop/robot_arm_ws/install/detector_subscriber/share/ament_index
[2.923s] creating /home/dev_computer/Desktop/robot_arm_ws/install/detector_subscriber/share/ament_index/resource_index
[2.923s] creating /home/dev_computer/Desktop/robot_arm_ws/install/detector_subscriber/share/ament_index/resource_index/packages
[2.924s] symbolically linking /home/dev_computer/Desktop/robot_arm_ws/build/detector_subscriber/resource/detector_subscriber -> /home/dev_computer/Desktop/robot_arm_ws/install/detector_subscriber/share/ament_index/resource_index/packages
[2.924s] symbolically linking /home/dev_computer/Desktop/robot_arm_ws/build/detector_subscriber/package.xml -> /home/dev_computer/Desktop/robot_arm_ws/install/detector_subscriber/share/detector_subscriber
[3.027s] Invoked command in '/home/dev_computer/Desktop/robot_arm_ws/build/detector_subscriber' returned '0': DEBUGINFOD_URLS=https://debuginfod.ubuntu.com PYTHONPATH=/home/dev_computer/Desktop/robot_arm_ws/build/detector_subscriber/prefix_override:/usr/lib/python3/dist-packages/colcon_core/task/python/colcon_distutils_commands:/home/dev_computer/Desktop/robot_arm_ws/install/detector_subscriber/lib/python3.12/site-packages:${PYTHONPATH} /usr/bin/python3 -W ignore:setup.py install is deprecated -W ignore:easy_install command is deprecated setup.py develop --editable --build-directory /home/dev_computer/Desktop/robot_arm_ws/build/detector_subscriber/build --no-deps symlink_data
